src/components/account/AccountSidebar.tsx(42,19): error TS2322: Type '"/" | "/horoscopo" | "/horoscopo/hoy" | "/horoscopo/semana" | "/horoscopo/mes" | "/tarot" | "/tarot/carta-del-dia" | "/tarot/si-o-no" | "/tarot/tres-cartas" | "/tarot/tres-cartas/amor" | ... 39 more ... | "/design-system"' is not assignable to type '"/" | "/horoscopo" | "/horoscopo/hoy" | "/horoscopo/semana" | "/horoscopo/mes" | "/tarot" | "/tarot/carta-del-dia" | "/tarot/si-o-no" | "/tarot/tres-cartas" | "/tarot/tres-cartas/amor" | ... 64 more ... | ".."'.
  Type '"/astrologia/carta-natal"' is not assignable to type '"/" | "/horoscopo" | "/horoscopo/hoy" | "/horoscopo/semana" | "/horoscopo/mes" | "/tarot" | "/tarot/carta-del-dia" | "/tarot/si-o-no" | "/tarot/tres-cartas" | "/tarot/tres-cartas/amor" | ... 64 more ... | ".."'.
src/components/account/FavoriteButton.tsx(56,11): error TS2322: Type '{ redirect: string; }' is not assignable to type '{ redirect: string | undefined; mode: string; } | ParamsReducerFn<RouterCore<Route<Register, any, "/", "/", string, "__root__", undefined, {}, { queryClient: QueryClient; }, AnyContext, ... 7 more ..., undefined>, "never", false, RouterHistory, Record<...>>, "SEARCH", string, "/auth">'.
  Property 'mode' is missing in type '{ redirect: string; }' but required in type '{ redirect: string | undefined; mode: string; }'.
src/components/account/SaveReadingButton.tsx(46,11): error TS2322: Type '{ redirect: string; }' is not assignable to type '{ redirect: string | undefined; mode: string; } | ParamsReducerFn<RouterCore<Route<Register, any, "/", "/", string, "__root__", undefined, {}, { queryClient: QueryClient; }, AnyContext, ... 7 more ..., undefined>, "never", false, RouterHistory, Record<...>>, "SEARCH", string, "/auth">'.
  Property 'mode' is missing in type '{ redirect: string; }' but required in type '{ redirect: string | undefined; mode: string; }'.
src/components/cookies/CookieConsentBanner.tsx(35,23): error TS2345: Argument of type '{ analytics: true; marketing: true; preferences: true; }' is not assignable to parameter of type 'Omit<CookieConsent, "version" | "timestamp">'.
  Property 'necessary' is missing in type '{ analytics: true; marketing: true; preferences: true; }' but required in type 'Omit<CookieConsent, "version" | "timestamp">'.
src/components/cookies/CookieConsentBanner.tsx(44,23): error TS2345: Argument of type '{ analytics: false; marketing: false; preferences: false; }' is not assignable to parameter of type 'Omit<CookieConsent, "version" | "timestamp">'.
  Property 'necessary' is missing in type '{ analytics: false; marketing: false; preferences: false; }' but required in type 'Omit<CookieConsent, "version" | "timestamp">'.
src/components/cookies/CookieConsentBanner.tsx(53,23): error TS2345: Argument of type 'Omit<CookieConsent, "version" | "necessary" | "timestamp">' is not assignable to parameter of type 'Omit<CookieConsent, "version" | "timestamp">'.
  Property 'necessary' is missing in type 'Omit<CookieConsent, "version" | "necessary" | "timestamp">' but required in type 'Omit<CookieConsent, "version" | "timestamp">'.
src/components/home/HomeNewsletterSection.tsx(116,19): error TS2322: Type '"/" | "/horoscopo" | "/horoscopo/hoy" | "/horoscopo/semana" | "/horoscopo/mes" | "/tarot" | "/tarot/carta-del-dia" | "/tarot/si-o-no" | "/tarot/tres-cartas" | "/tarot/tres-cartas/amor" | ... 39 more ... | "/design-system"' is not assignable to type '"/" | "/horoscopo" | "/horoscopo/hoy" | "/horoscopo/semana" | "/horoscopo/mes" | "/tarot" | "/tarot/carta-del-dia" | "/tarot/si-o-no" | "/tarot/tres-cartas" | "/tarot/tres-cartas/amor" | ... 64 more ... | ".."'.
  Type '"/astrologia/carta-natal"' is not assignable to type '"/" | "/horoscopo" | "/horoscopo/hoy" | "/horoscopo/semana" | "/horoscopo/mes" | "/tarot" | "/tarot/carta-del-dia" | "/tarot/si-o-no" | "/tarot/tres-cartas" | "/tarot/tres-cartas/amor" | ... 64 more ... | ".."'.
src/components/layout/AppBreadcrumbs.test.ts(1,38): error TS2307: Cannot find module 'vitest' or its corresponding type declarations.
src/components/layout/DesktopNavDropdown.tsx(116,13): error TS2322: Type '"/" | "/horoscopo" | "/horoscopo/hoy" | "/horoscopo/semana" | "/horoscopo/mes" | "/tarot" | "/tarot/carta-del-dia" | "/tarot/si-o-no" | "/tarot/tres-cartas" | "/tarot/tres-cartas/amor" | ... 39 more ... | "/design-system"' is not assignable to type '"/" | "/horoscopo" | "/horoscopo/hoy" | "/horoscopo/semana" | "/horoscopo/mes" | "/tarot" | "/tarot/carta-del-dia" | "/tarot/si-o-no" | "/tarot/tres-cartas" | "/tarot/tres-cartas/amor" | ... 64 more ... | ".."'.
  Type '"/astrologia/carta-natal"' is not assignable to type '"/" | "/horoscopo" | "/horoscopo/hoy" | "/horoscopo/semana" | "/horoscopo/mes" | "/tarot" | "/tarot/carta-del-dia" | "/tarot/si-o-no" | "/tarot/tres-cartas" | "/tarot/tres-cartas/amor" | ... 64 more ... | ".."'.
src/components/layout/DesktopNavDropdown.tsx(129,15): error TS2322: Type '"/" | "/horoscopo" | "/horoscopo/hoy" | "/horoscopo/semana" | "/horoscopo/mes" | "/tarot" | "/tarot/carta-del-dia" | "/tarot/si-o-no" | "/tarot/tres-cartas" | "/tarot/tres-cartas/amor" | ... 39 more ... | "/design-system"' is not assignable to type '"/" | "/horoscopo" | "/horoscopo/hoy" | "/horoscopo/semana" | "/horoscopo/mes" | "/tarot" | "/tarot/carta-del-dia" | "/tarot/si-o-no" | "/tarot/tres-cartas" | "/tarot/tres-cartas/amor" | ... 64 more ... | ".."'.
  Type '"/astrologia/carta-natal"' is not assignable to type '"/" | "/horoscopo" | "/horoscopo/hoy" | "/horoscopo/semana" | "/horoscopo/mes" | "/tarot" | "/tarot/carta-del-dia" | "/tarot/si-o-no" | "/tarot/tres-cartas" | "/tarot/tres-cartas/amor" | ... 64 more ... | ".."'.
src/components/layout/DesktopNavigation.tsx(33,19): error TS2322: Type '"/" | "/horoscopo" | "/horoscopo/hoy" | "/horoscopo/semana" | "/horoscopo/mes" | "/tarot" | "/tarot/carta-del-dia" | "/tarot/si-o-no" | "/tarot/tres-cartas" | "/tarot/tres-cartas/amor" | ... 39 more ... | "/design-system"' is not assignable to type '"/" | "/horoscopo" | "/horoscopo/hoy" | "/horoscopo/semana" | "/horoscopo/mes" | "/tarot" | "/tarot/carta-del-dia" | "/tarot/si-o-no" | "/tarot/tres-cartas" | "/tarot/tres-cartas/amor" | ... 64 more ... | ".."'.
  Type '"/astrologia/carta-natal"' is not assignable to type '"/" | "/horoscopo" | "/horoscopo/hoy" | "/horoscopo/semana" | "/horoscopo/mes" | "/tarot" | "/tarot/carta-del-dia" | "/tarot/si-o-no" | "/tarot/tres-cartas" | "/tarot/tres-cartas/amor" | ... 64 more ... | ".."'.
src/components/layout/MobileBottomNavigation.tsx(25,17): error TS2322: Type '"/" | "/horoscopo" | "/horoscopo/hoy" | "/horoscopo/semana" | "/horoscopo/mes" | "/tarot" | "/tarot/carta-del-dia" | "/tarot/si-o-no" | "/tarot/tres-cartas" | "/tarot/tres-cartas/amor" | ... 39 more ... | "/design-system"' is not assignable to type '"/" | "/horoscopo" | "/horoscopo/hoy" | "/horoscopo/semana" | "/horoscopo/mes" | "/tarot" | "/tarot/carta-del-dia" | "/tarot/si-o-no" | "/tarot/tres-cartas" | "/tarot/tres-cartas/amor" | ... 64 more ... | ".."'.
  Type '"/astrologia/carta-natal"' is not assignable to type '"/" | "/horoscopo" | "/horoscopo/hoy" | "/horoscopo/semana" | "/horoscopo/mes" | "/tarot" | "/tarot/carta-del-dia" | "/tarot/si-o-no" | "/tarot/tres-cartas" | "/tarot/tres-cartas/amor" | ... 64 more ... | ".."'.
src/components/layout/MobileNavigationDrawer.tsx(272,10): error TS2741: Property 'search' is missing in type '{ children: string; to: "/auth"; onClick: () => void; className: string; }' but required in type 'MakeRequiredSearchParams<RouterCore<Route<Register, any, "/", "/", string, "__root__", undefined, {}, { queryClient: QueryClient; }, AnyContext, AnyContext, ... 6 more ..., undefined>, "never", false, RouterHistory, Record<...>>, string, "/auth">'.
src/components/layout/SiteFooter.tsx(81,31): error TS7053: Element implicitly has an 'any' type because expression of type 'string' can't be used to index type '{ readonly home: "/"; readonly horoscope: "/horoscopo"; readonly horoscopeToday: "/horoscopo/hoy"; readonly horoscopeWeek: "/horoscopo/semana"; readonly horoscopeMonth: "/horoscopo/mes"; ... 44 more ...; readonly designSystem: "/design-system"; }'.
  No index signature with a parameter of type 'string' was found on type '{ readonly home: "/"; readonly horoscope: "/horoscopo"; readonly horoscopeToday: "/horoscopo/hoy"; readonly horoscopeWeek: "/horoscopo/semana"; readonly horoscopeMonth: "/horoscopo/mes"; ... 44 more ...; readonly designSystem: "/design-system"; }'.
src/components/layout/SiteFooter.tsx(122,35): error TS7053: Element implicitly has an 'any' type because expression of type 'string' can't be used to index type '{ readonly home: "/"; readonly horoscope: "/horoscopo"; readonly horoscopeToday: "/horoscopo/hoy"; readonly horoscopeWeek: "/horoscopo/semana"; readonly horoscopeMonth: "/horoscopo/mes"; ... 44 more ...; readonly designSystem: "/design-system"; }'.
  No index signature with a parameter of type 'string' was found on type '{ readonly home: "/"; readonly horoscope: "/horoscopo"; readonly horoscopeToday: "/horoscopo/hoy"; readonly horoscopeWeek: "/horoscopo/semana"; readonly horoscopeMonth: "/horoscopo/mes"; ... 44 more ...; readonly designSystem: "/design-system"; }'.
src/components/moon/LunarReadingForm.tsx(339,30): error TS2339: Property 'name' does not exist on type 'AspectResult'.
src/components/moon/LunarReadingForm.tsx(383,28): error TS2339: Property 'name' does not exist on type 'AspectResult'.
src/components/moon/LunarReadingForm.tsx(406,37): error TS2322: Type '{ redirect: "/mi-espacio/lecturas-lunares"; }' is not assignable to type '{ redirect: string | undefined; mode: string; } | ParamsReducerFn<RouterCore<Route<Register, any, "/", "/", string, "__root__", undefined, {}, { queryClient: QueryClient; }, AnyContext, ... 7 more ..., undefined>, "never", false, RouterHistory, Record<...>>, "SEARCH", string, "/auth">'.
  Property 'mode' is missing in type '{ redirect: "/mi-espacio/lecturas-lunares"; }' but required in type '{ redirect: string | undefined; mode: string; }'.
src/components/moon/MoonMonthNavigation.tsx(38,11): error TS2322: Type '`/luna/calendario/${number}-${string}`' is not assignable to type '"/" | "/horoscopo" | "/horoscopo/hoy" | "/horoscopo/semana" | "/horoscopo/mes" | "/tarot" | "/tarot/carta-del-dia" | "/tarot/si-o-no" | "/tarot/tres-cartas" | "/tarot/tres-cartas/amor" | ... 64 more ... | ".."'.
src/components/moon/MoonMonthNavigation.tsx(51,11): error TS2322: Type '`/luna/calendario/${number}-${string}`' is not assignable to type '"/" | "/horoscopo" | "/horoscopo/hoy" | "/horoscopo/semana" | "/horoscopo/mes" | "/tarot" | "/tarot/carta-del-dia" | "/tarot/si-o-no" | "/tarot/tres-cartas" | "/tarot/tres-cartas/amor" | ... 64 more ... | ".."'.
src/components/tarot/experience/InteractiveThreeCardResult.tsx(62,7): error TS2322: Type '({ slug: string; name: string; position: string; positionKey: "relationship_dynamic" | "emotional_world" | "guidance_forward" | "past" | "present" | "future" | "situation" | "challenge_opportunity" | "recommended_action" | "decision_driver" | "consideration" | "choice_criteria"; theme: ThreeCardReadingSlug; reversed...' is not assignable to type 'SavedReadingCard[]'.
  Type '{ slug: string; name: string; position: string; positionKey: "relationship_dynamic" | "emotional_world" | "guidance_forward" | "past" | "present" | "future" | "situation" | "challenge_opportunity" | "recommended_action" | "decision_driver" | "consideration" | "choice_criteria"; theme: ThreeCardReadingSlug; reversed:...' is not assignable to type 'SavedReadingCard'.
    Type 'null' is not assignable to type 'SavedReadingCard'.
src/components/tarot/experience/InteractiveThreeCardResult.tsx(75,33): error TS2677: A type predicate's type must be assignable to its parameter's type.
  Type 'SavedReadingCard' is not assignable to type '{ slug: string; name: string; position: string; positionKey: "relationship_dynamic" | "emotional_world" | "guidance_forward" | "past" | "present" | "future" | "situation" | "challenge_opportunity" | "recommended_action" | "decision_driver" | "consideration" | "choice_criteria"; theme: ThreeCardReadingSlug; reversed:...'.
    Types of property 'name' are incompatible.
      Type 'string | undefined' is not assignable to type 'string'.
        Type 'undefined' is not assignable to type 'string'.
src/components/tarot/experience/InteractiveThreeCardResult.tsx(130,37): error TS2322: Type '{ redirect: "/mi-espacio/lecturas"; }' is not assignable to type '{ redirect: string | undefined; mode: string; } | ParamsReducerFn<RouterCore<Route<Register, any, "/", "/", string, "__root__", undefined, {}, { queryClient: QueryClient; }, AnyContext, ... 7 more ..., undefined>, "never", false, RouterHistory, Record<...>>, "SEARCH", string, "/auth">'.
  Property 'mode' is missing in type '{ redirect: "/mi-espacio/lecturas"; }' but required in type '{ redirect: string | undefined; mode: string; }'.
src/components/tarot/experience/InteractiveThreeCardResult.tsx(253,19): error TS2322: Type '"message"' is not assignable to type '"warning" | "search" | "home" | "tarot" | "compatibility" | "moon" | "account" | "history" | "settings" | "user" | "notification" | "close" | "eye" | "eyeOff" | "sun" | "menu" | ... 34 more ... | "moon_waning_crescent"'.
src/components/tarot/experience/ThreeCardExperienceShell.tsx(6,34): error TS2724: '"@/config/three-card-readings"' has no exported member named 'ThreeCardReadingSlug'. Did you mean 'threeCardReadings'?
src/components/tarot/experience/ThreeCardExperienceShell.tsx(18,18): error TS7053: Element implicitly has an 'any' type because expression of type 'ThreeCardReadingSlug' can't be used to index type 'Record<ThreeCardReadingSlug, ThreeCardReadingConfig>'.
src/components/tarot/experience/ThreeCardLoveExperienceShell.test.ts(1,38): error TS2307: Cannot find module 'vitest' or its corresponding type declarations.
src/components/tarot/experience/ThreeCardReadingActions.tsx(50,19): error TS2322: Type '"message"' is not assignable to type '"warning" | "search" | "home" | "tarot" | "compatibility" | "moon" | "account" | "history" | "settings" | "user" | "notification" | "close" | "eye" | "eyeOff" | "sun" | "menu" | ... 34 more ... | "moon_waning_crescent"'.
src/components/tarot/TarotCardGrid.tsx(21,13): error TS2322: Type '`/tarot/cartas/${string}`' is not assignable to type '"/" | "/horoscopo" | "/horoscopo/hoy" | "/horoscopo/semana" | "/horoscopo/mes" | "/tarot" | "/tarot/carta-del-dia" | "/tarot/si-o-no" | "/tarot/tres-cartas" | "/tarot/tres-cartas/amor" | ... 64 more ... | ".."'.
src/components/tarot/TarotContextualGuide.test.ts(2,38): error TS2307: Cannot find module 'vitest' or its corresponding type declarations.
src/components/tarot/TarotPositionResult.tsx(105,33): error TS2339: Property 'sign' does not exist on type 'User'.
src/components/tarot/TarotPositionResult.tsx(112,13): error TS2322: Type '`/tarot/cartas/${string}`' is not assignable to type '"/" | "/horoscopo" | "/horoscopo/hoy" | "/horoscopo/semana" | "/horoscopo/mes" | "/tarot" | "/tarot/carta-del-dia" | "/tarot/si-o-no" | "/tarot/tres-cartas" | "/tarot/tres-cartas/amor" | ... 64 more ... | ".."'.
src/components/ui/navigation-menu.tsx(51,6): error TS2304: Cannot find name 'ChevronDown'.
src/components/ui/pagination.tsx(59,6): error TS2304: Cannot find name 'ChevronLeft'.
src/config/footer.ts(68,67): error TS2345: Argument of type 'string' is not assignable to parameter of type '"search" | "home" | "horoscope" | "horoscopeToday" | "horoscopeWeek" | "horoscopeMonth" | "tarot" | "tarotDaily" | "tarotYesNo" | "tarotThreeCards" | "tarotThreeCardsAmor" | ... 38 more ... | "designSystem"'.
src/config/footer.ts(70,50): error TS1360: Type '{ links: { label: string; routeKey: string; }[]; id: string; title: string; }[]' does not satisfy the expected type 'FooterColumn[]'.
  Type '{ links: { label: string; routeKey: string; }[]; id: string; title: string; }' is not assignable to type 'FooterColumn'.
    Types of property 'links' are incompatible.
      Type '{ label: string; routeKey: string; }[]' is not assignable to type 'FooterLink[]'.
        Type '{ label: string; routeKey: string; }' is not assignable to type 'FooterLink'.
          Types of property 'routeKey' are incompatible.
            Type 'string' is not assignable to type '"search" | "home" | "horoscope" | "horoscopeToday" | "horoscopeWeek" | "horoscopeMonth" | "tarot" | "tarotDaily" | "tarotYesNo" | "tarotThreeCards" | "tarotThreeCardsAmor" | ... 38 more ... | "designSystem"'.
src/config/next-best-actions.config.test.ts(1,38): error TS2307: Cannot find module 'vitest' or its corresponding type declarations.
src/config/next-best-actions.config.ts(396,13): error TS2322: Type '"reset"' is not assignable to type '"warning" | "search" | "home" | "tarot" | "compatibility" | "moon" | "account" | "history" | "settings" | "user" | "notification" | "close" | "eye" | "eyeOff" | "sun" | "menu" | ... 35 more ... | undefined'.
src/config/next-best-actions.config.ts(411,13): error TS2322: Type '"reset"' is not assignable to type '"warning" | "search" | "home" | "tarot" | "compatibility" | "moon" | "account" | "history" | "settings" | "user" | "notification" | "close" | "eye" | "eyeOff" | "sun" | "menu" | ... 35 more ... | undefined'.
src/config/public-features.test.ts(1,38): error TS2307: Cannot find module 'vitest' or its corresponding type declarations.
src/config/public-features.test.ts(38,28): error TS2769: No overload matches this call.
  Overload 1 of 2, '(predicate: (value: string, index: number, array: string[]) => value is string, thisArg?: any): this is S[]', gave the following error.
    Argument of type '(routeKey: "search" | "home" | "horoscope" | "horoscopeToday" | "horoscopeWeek" | "horoscopeMonth" | "tarot" | "tarotDaily" | "tarotYesNo" | "tarotThreeCards" | "tarotThreeCardsAmor" | ... 38 more ... | "designSystem") => boolean' is not assignable to parameter of type '(value: string, index: number, array: string[]) => value is string'.
      Types of parameters 'routeKey' and 'value' are incompatible.
        Type 'string' is not assignable to type '"search" | "home" | "horoscope" | "horoscopeToday" | "horoscopeWeek" | "horoscopeMonth" | "tarot" | "tarotDaily" | "tarotYesNo" | "tarotThreeCards" | "tarotThreeCardsAmor" | ... 38 more ... | "designSystem"'.
  Overload 2 of 2, '(predicate: (value: string, index: number, array: string[]) => unknown, thisArg?: any): boolean', gave the following error.
    Argument of type '(routeKey: "search" | "home" | "horoscope" | "horoscopeToday" | "horoscopeWeek" | "horoscopeMonth" | "tarot" | "tarotDaily" | "tarotYesNo" | "tarotThreeCards" | "tarotThreeCardsAmor" | ... 38 more ... | "designSystem") => boolean' is not assignable to parameter of type '(value: string, index: number, array: string[]) => unknown'.
      Types of parameters 'routeKey' and 'value' are incompatible.
        Type 'string' is not assignable to type '"search" | "home" | "horoscope" | "horoscopeToday" | "horoscopeWeek" | "horoscopeMonth" | "tarot" | "tarotDaily" | "tarotYesNo" | "tarotThreeCards" | "tarotThreeCardsAmor" | ... 38 more ... | "designSystem"'.
src/config/seo-indexability.test.ts(1,38): error TS2307: Cannot find module 'vitest' or its corresponding type declarations.
src/config/three-card-readings.test.ts(1,38): error TS2307: Cannot find module 'vitest' or its corresponding type declarations.
src/config/three-card-readings.ts(75,9): error TS2322: Type '"influence"' is not assignable to type '"relationship_dynamic" | "emotional_world" | "guidance_forward" | "past" | "present" | "future" | "situation" | "challenge_opportunity" | "recommended_action" | "decision_driver" | "consideration" | "choice_criteria"'.
src/config/three-card-readings.ts(84,9): error TS2322: Type '"what_to_look_at"' is not assignable to type '"relationship_dynamic" | "emotional_world" | "guidance_forward" | "past" | "present" | "future" | "situation" | "challenge_opportunity" | "recommended_action" | "decision_driver" | "consideration" | "choice_criteria"'.
src/config/three-card-readings.ts(93,9): error TS2322: Type '"next_step"' is not assignable to type '"relationship_dynamic" | "emotional_world" | "guidance_forward" | "past" | "present" | "future" | "situation" | "challenge_opportunity" | "recommended_action" | "decision_driver" | "consideration" | "choice_criteria"'.
src/hooks/useHoroscopeVariant.ts(7,10): error TS2305: Module '"@/lib/account/auth-profile"' has no exported member 'useAuth'.
src/lib/account/auth-profile.test.ts(1,38): error TS2307: Cannot find module 'vitest' or its corresponding type declarations.
src/lib/account/auth-profile.test.ts(133,9): error TS2353: Object literal may only specify known properties, and 'profile_completed_at' does not exist in type 'Partial<Profile>'.
src/lib/account/personalization-context.test.ts(1,38): error TS2307: Cannot find module 'vitest' or its corresponding type declarations.
src/lib/account/personalization-context.ts(385,13): error TS2769: No overload matches this call.
  Overload 1 of 2, '(relation: "admin_audit_log" | "ai_conversations" | "ai_feedback" | "ai_messages" | "ai_memories" | "ai_usage_daily" | "ai_user_preferences" | "compatibility_profiles" | "editorial_authors" | ... 15 more ... | "user_roles"): PostgrestQueryBuilder<...>', gave the following error.
    Argument of type '"saved_readings"' is not assignable to parameter of type '"admin_audit_log" | "ai_conversations" | "ai_feedback" | "ai_messages" | "ai_memories" | "ai_usage_daily" | "ai_user_preferences" | "compatibility_profiles" | "editorial_authors" | ... 15 more ... | "user_roles"'.
  Overload 2 of 2, '(relation: never): PostgrestQueryBuilder<{ PostgrestVersion: "14.5"; }, { Tables: { admin_audit_log: { Row: { action: string; actor_id: string | null; actor_role: string | null; created_at: string; id: string; ... 5 more ...; status: string; }; Insert: { ...; }; Update: { ...; }; Relationships: []; }; ... 23 more ...; user_roles: { ...; }; }; Views: {}; Functions: { ...; }; Enums: { ...; }; CompositeTypes: {}; }, never, never, never>', gave the following error.
    Argument of type '"saved_readings"' is not assignable to parameter of type 'never'.
src/lib/account/personalization-context.ts(387,11): error TS2345: Argument of type '"user_id"' is not assignable to parameter of type 'never'.
src/lib/account/personalization-context.ts(388,11): error TS2345: Argument of type '"reading_type"' is not assignable to parameter of type 'never'.
src/lib/account/personalization-context.ts(409,5): error TS2322: Type 'SelectQueryError<"column 'birth_date' does not exist on 'profiles'."> | null' is not assignable to type 'ProfileContextRow | null'.
  Type 'SelectQueryError<"column 'birth_date' does not exist on 'profiles'.">' is not assignable to type 'ProfileContextRow | null'.
src/lib/account/personalization-context.ts(413,17): error TS2352: Conversion of type '(SelectQueryError<"column 'created_at' does not exist on 'admin_audit_log'."> | SelectQueryError<"column 'created_at' does not exist on 'ai_conversations'."> | ... 22 more ... | SelectQueryError<...>)[]' to type 'SavedLunarContextRow[]' may be a mistake because neither type sufficiently overlaps with the other. If this was intentional, convert the expression to 'unknown' first.
  Type 'SelectQueryError<"column 'created_at' does not exist on 'admin_audit_log'."> | SelectQueryError<"column 'created_at' does not exist on 'ai_conversations'."> | ... 22 more ... | SelectQueryError<...>' is not comparable to type 'SavedLunarContextRow'.
    Property 'created_at' is missing in type '{ error: true; } & String' but required in type 'SavedLunarContextRow'.
src/lib/account/repository.ts(184,7): error TS2345: Argument of type 'PostgrestFilterBuilder<{ PostgrestVersion: "14.5"; }, { Tables: { admin_audit_log: { Row: { action: string; actor_id: string | null; actor_role: string | null; created_at: string; id: string; ip_hash: string | null; ... 4 more ...; status: string; }; Insert: { ...; }; Update: { ...; }; Relationships: []; }; ... 23 m...' is not assignable to parameter of type 'Promise<unknown>'.
  Type 'PostgrestFilterBuilder<{ PostgrestVersion: "14.5"; }, { Tables: { admin_audit_log: { Row: { action: string; actor_id: string | null; actor_role: string | null; created_at: string; id: string; ip_hash: string | null; ... 4 more ...; status: string; }; Insert: { ...; }; Update: { ...; }; Relationships: []; }; ... 23 m...' is missing the following properties from type 'Promise<unknown>': catch, finally, [Symbol.toStringTag]
src/lib/account/repository.ts(190,7): error TS2345: Argument of type 'PostgrestFilterBuilder<{ PostgrestVersion: "14.5"; }, { Tables: { admin_audit_log: { Row: { action: string; actor_id: string | null; actor_role: string | null; created_at: string; id: string; ip_hash: string | null; ... 4 more ...; status: string; }; Insert: { ...; }; Update: { ...; }; Relationships: []; }; ... 23 m...' is not assignable to parameter of type 'Promise<unknown>'.
  Type 'PostgrestFilterBuilder<{ PostgrestVersion: "14.5"; }, { Tables: { admin_audit_log: { Row: { action: string; actor_id: string | null; actor_role: string | null; created_at: string; id: string; ip_hash: string | null; ... 4 more ...; status: string; }; Insert: { ...; }; Update: { ...; }; Relationships: []; }; ... 23 m...' is missing the following properties from type 'Promise<unknown>': catch, finally, [Symbol.toStringTag]
src/lib/ai/gateway.server.test.ts(1,65): error TS2307: Cannot find module 'vitest' or its corresponding type declarations.
src/lib/ai/gateway.server.ts(109,5): error TS2769: No overload matches this call.
  Overload 1 of 2, '(input: string | URL | Request, init?: RequestInit | undefined): Promise<Response>', gave the following error.
    Type '{ "Content-Type": string; Authorization: string; "Lovable-API-Key"?: undefined; } | { "Content-Type": string; "Lovable-API-Key": string; Authorization?: undefined; }' is not assignable to type 'HeadersInit | undefined'.
      Type '{ "Content-Type": string; Authorization: string; "Lovable-API-Key"?: undefined; }' is not assignable to type 'HeadersInit | undefined'.
        Type '{ "Content-Type": string; Authorization: string; "Lovable-API-Key"?: undefined; }' is not assignable to type 'Record<string, string>'.
          Property '"Lovable-API-Key"' is incompatible with index signature.
            Type 'undefined' is not assignable to type 'string'.
  Overload 2 of 2, '(input: URL | RequestInfo, init?: RequestInit | undefined): Promise<Response>', gave the following error.
    Type '{ "Content-Type": string; Authorization: string; "Lovable-API-Key"?: undefined; } | { "Content-Type": string; "Lovable-API-Key": string; Authorization?: undefined; }' is not assignable to type 'HeadersInit | undefined'.
      Type '{ "Content-Type": string; Authorization: string; "Lovable-API-Key"?: undefined; }' is not assignable to type 'HeadersInit | undefined'.
        Type '{ "Content-Type": string; Authorization: string; "Lovable-API-Key"?: undefined; }' is not assignable to type 'Record<string, string>'.
          Property '"Lovable-API-Key"' is incompatible with index signature.
            Type 'undefined' is not assignable to type 'string'.
src/lib/compatibility/fallback-compatibility.ts(135,31): error TS2345: Argument of type 'string' is not assignable to parameter of type 'ZodiacSignKey'.
src/lib/moon/moon.functions.ts(92,51): error TS2769: No overload matches this call.
  Overload 1 of 2, '(relation: "admin_audit_log" | "ai_conversations" | "ai_feedback" | "ai_messages" | "ai_memories" | "ai_usage_daily" | "ai_user_preferences" | "compatibility_profiles" | "editorial_authors" | ... 15 more ... | "user_roles"): PostgrestQueryBuilder<...>', gave the following error.
    Argument of type '"saved_readings"' is not assignable to parameter of type '"admin_audit_log" | "ai_conversations" | "ai_feedback" | "ai_messages" | "ai_memories" | "ai_usage_daily" | "ai_user_preferences" | "compatibility_profiles" | "editorial_authors" | ... 15 more ... | "user_roles"'.
  Overload 2 of 2, '(relation: never): PostgrestQueryBuilder<{ PostgrestVersion: "14.5"; }, { Tables: { admin_audit_log: { Row: { action: string; actor_id: string | null; actor_role: string | null; created_at: string; id: string; ... 5 more ...; status: string; }; Insert: { ...; }; Update: { ...; }; Relationships: []; }; ... 23 more ...; user_roles: { ...; }; }; Views: {}; Functions: { ...; }; Enums: { ...; }; CompositeTypes: {}; }, never, never, never>', gave the following error.
    Argument of type '"saved_readings"' is not assignable to parameter of type 'never'.
src/lib/moon/moon.functions.ts(93,7): error TS2322: Type 'string' is not assignable to type 'never'.
src/lib/moon/moon.functions.ts(94,7): error TS2322: Type 'string' is not assignable to type 'never'.
src/lib/moon/moon.functions.ts(95,7): error TS2322: Type 'string' is not assignable to type 'never'.
src/lib/moon/moon.functions.ts(96,7): error TS2322: Type 'string' is not assignable to type 'never'.
src/lib/moon/moon.functions.ts(97,7): error TS2322: Type 'string' is not assignable to type 'never'.
src/lib/moon/moon.functions.ts(98,7): error TS2322: Type 'string' is not assignable to type 'never'.
src/lib/moon/moon.functions.ts(99,7): error TS2322: Type 'string' is not assignable to type 'never'.
src/lib/moon/moon.functions.ts(100,7): error TS2322: Type 'string' is not assignable to type 'never'.
src/lib/moon/moon.functions.ts(101,7): error TS2322: Type 'boolean' is not assignable to type 'never'.
src/lib/moon/moon.functions.ts(102,7): error TS2322: Type 'string | null' is not assignable to type 'never'.
  Type 'null' is not assignable to type 'never'.
src/lib/moon/moon.functions.ts(103,7): error TS2322: Type 'string' is not assignable to type 'never'.
src/lib/moon/moon.functions.ts(104,7): error TS2322: Type 'string | null' is not assignable to type 'never'.
  Type 'null' is not assignable to type 'never'.
src/lib/moon/moon.functions.ts(105,7): error TS2322: Type 'Record<string, unknown>' is not assignable to type 'never'.
src/lib/moon/moon.functions.ts(116,13): error TS2769: No overload matches this call.
  Overload 1 of 2, '(relation: "admin_audit_log" | "ai_conversations" | "ai_feedback" | "ai_messages" | "ai_memories" | "ai_usage_daily" | "ai_user_preferences" | "compatibility_profiles" | "editorial_authors" | ... 15 more ... | "user_roles"): PostgrestQueryBuilder<...>', gave the following error.
    Argument of type '"saved_readings"' is not assignable to parameter of type '"admin_audit_log" | "ai_conversations" | "ai_feedback" | "ai_messages" | "ai_memories" | "ai_usage_daily" | "ai_user_preferences" | "compatibility_profiles" | "editorial_authors" | ... 15 more ... | "user_roles"'.
  Overload 2 of 2, '(relation: never): PostgrestQueryBuilder<{ PostgrestVersion: "14.5"; }, { Tables: { admin_audit_log: { Row: { action: string; actor_id: string | null; actor_role: string | null; created_at: string; id: string; ... 5 more ...; status: string; }; Insert: { ...; }; Update: { ...; }; Relationships: []; }; ... 23 more ...; user_roles: { ...; }; }; Views: {}; Functions: { ...; }; Enums: { ...; }; CompositeTypes: {}; }, never, never, never>', gave the following error.
    Argument of type '"saved_readings"' is not assignable to parameter of type 'never'.
src/lib/moon/moon.functions.ts(118,11): error TS2345: Argument of type '"user_id"' is not assignable to parameter of type 'never'.
src/lib/moon/moon.functions.ts(119,11): error TS2345: Argument of type '"reading_type"' is not assignable to parameter of type 'never'.
src/lib/moon/moon.functions.ts(129,12): error TS2345: Argument of type '({ data, context }: ServerFnCtx<Register, "GET", readonly [FunctionMiddlewareAfterServer<{}, unknown, undefined, { supabase: SupabaseClient<Database, "public", "public", { Tables: { admin_audit_log: { Row: { action: string; actor_id: string | null; ... 8 more ...; status: string; }; Insert: { ...; }; Update: { ...; ...' is not assignable to parameter of type 'ServerFn<Register, "GET", readonly [FunctionMiddlewareAfterServer<{}, unknown, undefined, { supabase: SupabaseClient<Database, "public", "public", { Tables: { admin_audit_log: { Row: { action: string; actor_id: string | null; ... 8 more ...; status: string; }; Insert: { ...; }; Update: { ...; }; Relationships: []; }...'.
  Type 'Promise<{ action: string; actor_id: string | null; actor_role: string | null; created_at: string; id: string; ip_hash: string | null; metadata: Json; request_id: string | null; resource_id: string | null; resource_type: string | null; status: string; } | ... 23 more ... | { ...; }>' is not assignable to type 'Promise<ValidateSerializableMapped<{ action: string; actor_id: string | null; actor_role: string | null; created_at: string; id: string; ip_hash: string | null; metadata: Json; request_id: string | null; resource_id: string | null; resource_type: string | null; status: string; }, RegisteredSerializableInput<...>> | ...'.
    Type '{ action: string; actor_id: string | null; actor_role: string | null; created_at: string; id: string; ip_hash: string | null; metadata: Json; request_id: string | null; resource_id: string | null; resource_type: string | null; status: string; } | ... 23 more ... | { ...; }' is not assignable to type 'ValidateSerializableMapped<{ action: string; actor_id: string | null; actor_role: string | null; created_at: string; id: string; ip_hash: string | null; metadata: Json; request_id: string | null; resource_id: string | null; resource_type: string | null; status: string; }, RegisteredSerializableInput<...>> | ... 23 m...'.
      Type '{ excerpt: string | null; id: string; image_key: string | null; indexed_at: string; is_public: boolean; keywords: Json; language: string; metadata: Json; route_path: string; search_vector: unknown; ... 5 more ...; title: string; }' is not assignable to type 'ValidateSerializableMapped<{ action: string; actor_id: string | null; actor_role: string | null; created_at: string; id: string; ip_hash: string | null; metadata: Json; request_id: string | null; resource_id: string | null; resource_type: string | null; status: string; }, RegisteredSerializableInput<...>> | ... 23 m...'.
        Type '{ excerpt: string | null; id: string; image_key: string | null; indexed_at: string; is_public: boolean; keywords: Json; language: string; metadata: Json; route_path: string; search_vector: unknown; ... 5 more ...; title: string; }' is not assignable to type 'ValidateSerializableMapped<{ excerpt: string | null; id: string; image_key: string | null; indexed_at: string; is_public: boolean; keywords: Json; language: string; metadata: Json; route_path: string; ... 6 more ...; title: string; }, RegisteredSerializableInput<...>>'.
          Types of property 'search_vector' are incompatible.
            Type 'unknown' is not assignable to type 'SerializationError<"Type may not be serializable">'.
src/lib/moon/moon.functions.ts(131,13): error TS2769: No overload matches this call.
  Overload 1 of 2, '(relation: "admin_audit_log" | "ai_conversations" | "ai_feedback" | "ai_messages" | "ai_memories" | "ai_usage_daily" | "ai_user_preferences" | "compatibility_profiles" | "editorial_authors" | ... 15 more ... | "user_roles"): PostgrestQueryBuilder<...>', gave the following error.
    Argument of type '"saved_readings"' is not assignable to parameter of type '"admin_audit_log" | "ai_conversations" | "ai_feedback" | "ai_messages" | "ai_memories" | "ai_usage_daily" | "ai_user_preferences" | "compatibility_profiles" | "editorial_authors" | ... 15 more ... | "user_roles"'.
  Overload 2 of 2, '(relation: never): PostgrestQueryBuilder<{ PostgrestVersion: "14.5"; }, { Tables: { admin_audit_log: { Row: { action: string; actor_id: string | null; actor_role: string | null; created_at: string; id: string; ... 5 more ...; status: string; }; Insert: { ...; }; Update: { ...; }; Relationships: []; }; ... 23 more ...; user_roles: { ...; }; }; Views: {}; Functions: { ...; }; Enums: { ...; }; CompositeTypes: {}; }, never, never, never>', gave the following error.
    Argument of type '"saved_readings"' is not assignable to parameter of type 'never'.
src/lib/moon/moon.functions.ts(133,11): error TS2345: Argument of type '"id"' is not assignable to parameter of type 'never'.
src/lib/moon/moon.functions.ts(134,11): error TS2345: Argument of type '"user_id"' is not assignable to parameter of type 'never'.
src/lib/moon/moon.functions.ts(147,13): error TS2769: No overload matches this call.
  Overload 1 of 2, '(relation: "admin_audit_log" | "ai_conversations" | "ai_feedback" | "ai_messages" | "ai_memories" | "ai_usage_daily" | "ai_user_preferences" | "compatibility_profiles" | "editorial_authors" | ... 15 more ... | "user_roles"): PostgrestQueryBuilder<...>', gave the following error.
    Argument of type '"saved_readings"' is not assignable to parameter of type '"admin_audit_log" | "ai_conversations" | "ai_feedback" | "ai_messages" | "ai_memories" | "ai_usage_daily" | "ai_user_preferences" | "compatibility_profiles" | "editorial_authors" | ... 15 more ... | "user_roles"'.
  Overload 2 of 2, '(relation: never): PostgrestQueryBuilder<{ PostgrestVersion: "14.5"; }, { Tables: { admin_audit_log: { Row: { action: string; actor_id: string | null; actor_role: string | null; created_at: string; id: string; ... 5 more ...; status: string; }; Insert: { ...; }; Update: { ...; }; Relationships: []; }; ... 23 more ...; user_roles: { ...; }; }; Views: {}; Functions: { ...; }; Enums: { ...; }; CompositeTypes: {}; }, never, never, never>', gave the following error.
    Argument of type '"saved_readings"' is not assignable to parameter of type 'never'.
src/lib/moon/moon.functions.ts(149,11): error TS2345: Argument of type '"id"' is not assignable to parameter of type 'never'.
src/lib/moon/moon.functions.ts(150,11): error TS2345: Argument of type '"user_id"' is not assignable to parameter of type 'never'.
src/lib/tarot/daily-introduction.test.ts(1,38): error TS2307: Cannot find module 'vitest' or its corresponding type declarations.
src/lib/tarot/image-url.test.ts(2,38): error TS2307: Cannot find module 'vitest' or its corresponding type declarations.
src/pages/account/AccountDashboardPage.tsx(85,15): error TS2322: Type '"/" | "/horoscopo" | "/horoscopo/hoy" | "/horoscopo/semana" | "/horoscopo/mes" | "/tarot" | "/tarot/carta-del-dia" | "/tarot/si-o-no" | "/tarot/tres-cartas" | "/tarot/tres-cartas/amor" | ... 39 more ... | "/design-system"' is not assignable to type '"/" | "/horoscopo" | "/horoscopo/hoy" | "/horoscopo/semana" | "/horoscopo/mes" | "/tarot" | "/tarot/carta-del-dia" | "/tarot/si-o-no" | "/tarot/tres-cartas" | "/tarot/tres-cartas/amor" | ... 64 more ... | ".."'.
  Type '"/astrologia/carta-natal"' is not assignable to type '"/" | "/horoscopo" | "/horoscopo/hoy" | "/horoscopo/semana" | "/horoscopo/mes" | "/tarot" | "/tarot/carta-del-dia" | "/tarot/si-o-no" | "/tarot/tres-cartas" | "/tarot/tres-cartas/amor" | ... 64 more ... | ".."'.
src/pages/account/AuthCallbackPage.test.ts(1,38): error TS2307: Cannot find module 'vitest' or its corresponding type declarations.
src/pages/account/AuthCallbackPage.tsx(28,20): error TS2345: Argument of type '{ to: "/auth"; replace: true; }' is not assignable to parameter of type 'NavigateOptions<RouterCore<Route<Register, any, "/", "/", string, "__root__", undefined, {}, { queryClient: QueryClient; }, AnyContext, AnyContext, ... 6 more ..., undefined>, "never", false, RouterHistory, Record<...>>, string, "/auth", string, "">'.
  Property 'search' is missing in type '{ to: "/auth"; replace: true; }' but required in type 'MakeRequiredSearchParams<RouterCore<Route<Register, any, "/", "/", string, "__root__", undefined, {}, { queryClient: QueryClient; }, AnyContext, AnyContext, ... 6 more ..., undefined>, "never", false, RouterHistory, Record<...>>, string, "/auth">'.
src/pages/account/AuthCallbackPage.tsx(51,18): error TS2345: Argument of type '{ to: "/auth"; replace: true; }' is not assignable to parameter of type 'NavigateOptions<RouterCore<Route<Register, any, "/", "/", string, "__root__", undefined, {}, { queryClient: QueryClient; }, AnyContext, AnyContext, ... 6 more ..., undefined>, "never", false, RouterHistory, Record<...>>, string, "/auth", string, "">'.
  Property 'search' is missing in type '{ to: "/auth"; replace: true; }' but required in type 'MakeRequiredSearchParams<RouterCore<Route<Register, any, "/", "/", string, "__root__", undefined, {}, { queryClient: QueryClient; }, AnyContext, AnyContext, ... 6 more ..., undefined>, "never", false, RouterHistory, Record<...>>, string, "/auth">'.
src/pages/account/ProfilePage.tsx(42,5): error TS2322: Type 'Resolver<{ birth_date: string; birth_latitude: number; birth_longitude: number; birth_place_label: string; birth_time_status: "exact" | "unknown" | "approximate"; birth_timezone: string; username: string; ... 14 more ...; show_sun_sign?: boolean | undefined; }, any, { ...; }>' is not assignable to type 'Resolver<{ birth_date: string; birth_latitude: number; birth_longitude: number; birth_place_label: string; birth_time_status: "exact" | "unknown" | "approximate"; birth_timezone: string; favorite_signs: string[]; ... 14 more ...; preferred_sign?: string | ... 1 more ... | undefined; }, any, { ...; }>'.
  Types of parameters 'options' and 'options' are incompatible.
    Type 'ResolverOptions<{ birth_date: string; birth_latitude: number; birth_longitude: number; birth_place_label: string; birth_time_status: "exact" | "unknown" | "approximate"; birth_timezone: string; favorite_signs: string[]; ... 14 more ...; preferred_sign?: string | ... 1 more ... | undefined; }>' is not assignable to type 'ResolverOptions<{ birth_date: string; birth_latitude: number; birth_longitude: number; birth_place_label: string; birth_time_status: "exact" | "unknown" | "approximate"; birth_timezone: string; username: string; ... 14 more ...; show_sun_sign?: boolean | undefined; }>'.
      Type 'string[] | undefined' is not assignable to type 'string[]'.
        Type 'undefined' is not assignable to type 'string[]'.
src/pages/account/ProfilePage.tsx(123,13): error TS2353: Object literal may only specify known properties, and 'birthDate' does not exist in type 'OptionalFetcherDataOptions<readonly [FunctionMiddlewareAfterServer<{}, unknown, undefined, { supabase: SupabaseClient<Database, "public", "public", { Tables: { admin_audit_log: { Row: { action: string; actor_id: string | null; actor_role: string | null; ... 7 more ...; status: string; }; Insert: { ...; }; Update: { ...'.
src/pages/account/ProfilePage.tsx(187,43): error TS2345: Argument of type '(data: ProfileFormValues) => Promise<void>' is not assignable to parameter of type 'SubmitHandler<TFieldValues>'.
  Types of parameters 'data' and 'data' are incompatible.
    Type 'TFieldValues' is not assignable to type '{ birth_date: string; birth_latitude: number; birth_longitude: number; birth_place_label: string; birth_time_status: "exact" | "unknown" | "approximate"; birth_timezone: string; favorite_signs: string[]; ... 14 more ...; preferred_sign?: string | ... 1 more ... | undefined; }'.
      Type 'FieldValues' is missing the following properties from type '{ birth_date: string; birth_latitude: number; birth_longitude: number; birth_place_label: string; birth_time_status: "exact" | "unknown" | "approximate"; birth_timezone: string; favorite_signs: string[]; ... 14 more ...; preferred_sign?: string | ... 1 more ... | undefined; }': birth_date, birth_latitude, birth_longitude, birth_place_label, and 7 more.
src/pages/account/ProfilePage.tsx(196,17): error TS2322: Type 'Control<{ birth_date: string; birth_latitude: number; birth_longitude: number; birth_place_label: string; birth_time_status: "exact" | "unknown" | "approximate"; birth_timezone: string; favorite_signs: string[]; ... 14 more ...; preferred_sign?: string | ... 1 more ... | undefined; }, any, TFieldValues>' is not assignable to type 'Control<{ birth_date: string; birth_latitude: number; birth_longitude: number; birth_place_label: string; birth_time_status: "exact" | "unknown" | "approximate"; birth_timezone: string; favorite_signs: string[]; ... 14 more ...; preferred_sign?: string | ... 1 more ... | undefined; }, any, { ...; }>'.
  The types of '_options.resolver' are incompatible between these types.
    Type 'Resolver<{ birth_date: string; birth_latitude: number; birth_longitude: number; birth_place_label: string; birth_time_status: "exact" | "unknown" | "approximate"; birth_timezone: string; ... 15 more ...; preferred_sign?: string | ... 1 more ... | undefined; }, any, TFieldValues> | undefined' is not assignable to type 'Resolver<{ birth_date: string; birth_latitude: number; birth_longitude: number; birth_place_label: string; birth_time_status: "exact" | "unknown" | "approximate"; birth_timezone: string; ... 15 more ...; preferred_sign?: string | ... 1 more ... | undefined; }, any, { ...; }> | undefined'.
      Type 'Resolver<{ birth_date: string; birth_latitude: number; birth_longitude: number; birth_place_label: string; birth_time_status: "exact" | "unknown" | "approximate"; birth_timezone: string; favorite_signs: string[]; ... 14 more ...; preferred_sign?: string | ... 1 more ... | undefined; }, any, TFieldValues>' is not assignable to type 'Resolver<{ birth_date: string; birth_latitude: number; birth_longitude: number; birth_place_label: string; birth_time_status: "exact" | "unknown" | "approximate"; birth_timezone: string; favorite_signs: string[]; ... 14 more ...; preferred_sign?: string | ... 1 more ... | undefined; }, any, { ...; }>'.
        Type 'ResolverResult<{ birth_date: string; birth_latitude: number; birth_longitude: number; birth_place_label: string; birth_time_status: "exact" | "unknown" | "approximate"; birth_timezone: string; ... 15 more ...; preferred_sign?: string | ... 1 more ... | undefined; }, TFieldValues> | Promise<...>' is not assignable to type 'ResolverResult<{ birth_date: string; birth_latitude: number; birth_longitude: number; birth_place_label: string; birth_time_status: "exact" | "unknown" | "approximate"; birth_timezone: string; ... 15 more ...; preferred_sign?: string | ... 1 more ... | undefined; }, { ...; }> | Promise<...>'.
          Type 'ResolverSuccess<TFieldValues>' is not assignable to type 'ResolverResult<{ birth_date: string; birth_latitude: number; birth_longitude: number; birth_place_label: string; birth_time_status: "exact" | "unknown" | "approximate"; birth_timezone: string; ... 15 more ...; preferred_sign?: string | ... 1 more ... | undefined; }, { ...; }> | Promise<...>'.
            Type 'ResolverSuccess<TFieldValues>' is not assignable to type 'ResolverSuccess<{ birth_date: string; birth_latitude: number; birth_longitude: number; birth_place_label: string; birth_time_status: "exact" | "unknown" | "approximate"; birth_timezone: string; favorite_signs: string[]; ... 14 more ...; preferred_sign?: string | ... 1 more ... | undefined; }>'.
              Type 'TFieldValues' is not assignable to type '{ birth_date: string; birth_latitude: number; birth_longitude: number; birth_place_label: string; birth_time_status: "exact" | "unknown" | "approximate"; birth_timezone: string; favorite_signs: string[]; ... 14 more ...; preferred_sign?: string | ... 1 more ... | undefined; }'.
                Type 'FieldValues' is missing the following properties from type '{ birth_date: string; birth_latitude: number; birth_longitude: number; birth_place_label: string; birth_time_status: "exact" | "unknown" | "approximate"; birth_timezone: string; favorite_signs: string[]; ... 14 more ...; preferred_sign?: string | ... 1 more ... | undefined; }': birth_date, birth_latitude, birth_longitude, birth_place_label, and 7 more.
src/pages/account/ProfilePage.tsx(212,17): error TS2322: Type 'Control<{ birth_date: string; birth_latitude: number; birth_longitude: number; birth_place_label: string; birth_time_status: "exact" | "unknown" | "approximate"; birth_timezone: string; favorite_signs: string[]; ... 14 more ...; preferred_sign?: string | ... 1 more ... | undefined; }, any, TFieldValues>' is not assignable to type 'Control<{ birth_date: string; birth_latitude: number; birth_longitude: number; birth_place_label: string; birth_time_status: "exact" | "unknown" | "approximate"; birth_timezone: string; favorite_signs: string[]; ... 14 more ...; preferred_sign?: string | ... 1 more ... | undefined; }, any, { ...; }>'.
  The types of '_options.resolver' are incompatible between these types.
    Type 'Resolver<{ birth_date: string; birth_latitude: number; birth_longitude: number; birth_place_label: string; birth_time_status: "exact" | "unknown" | "approximate"; birth_timezone: string; ... 15 more ...; preferred_sign?: string | ... 1 more ... | undefined; }, any, TFieldValues> | undefined' is not assignable to type 'Resolver<{ birth_date: string; birth_latitude: number; birth_longitude: number; birth_place_label: string; birth_time_status: "exact" | "unknown" | "approximate"; birth_timezone: string; ... 15 more ...; preferred_sign?: string | ... 1 more ... | undefined; }, any, { ...; }> | undefined'.
      Type 'Resolver<{ birth_date: string; birth_latitude: number; birth_longitude: number; birth_place_label: string; birth_time_status: "exact" | "unknown" | "approximate"; birth_timezone: string; favorite_signs: string[]; ... 14 more ...; preferred_sign?: string | ... 1 more ... | undefined; }, any, TFieldValues>' is not assignable to type 'Resolver<{ birth_date: string; birth_latitude: number; birth_longitude: number; birth_place_label: string; birth_time_status: "exact" | "unknown" | "approximate"; birth_timezone: string; favorite_signs: string[]; ... 14 more ...; preferred_sign?: string | ... 1 more ... | undefined; }, any, { ...; }>'.
        Type 'ResolverResult<{ birth_date: string; birth_latitude: number; birth_longitude: number; birth_place_label: string; birth_time_status: "exact" | "unknown" | "approximate"; birth_timezone: string; ... 15 more ...; preferred_sign?: string | ... 1 more ... | undefined; }, TFieldValues> | Promise<...>' is not assignable to type 'ResolverResult<{ birth_date: string; birth_latitude: number; birth_longitude: number; birth_place_label: string; birth_time_status: "exact" | "unknown" | "approximate"; birth_timezone: string; ... 15 more ...; preferred_sign?: string | ... 1 more ... | undefined; }, { ...; }> | Promise<...>'.
          Type 'ResolverSuccess<TFieldValues>' is not assignable to type 'ResolverResult<{ birth_date: string; birth_latitude: number; birth_longitude: number; birth_place_label: string; birth_time_status: "exact" | "unknown" | "approximate"; birth_timezone: string; ... 15 more ...; preferred_sign?: string | ... 1 more ... | undefined; }, { ...; }> | Promise<...>'.
            Type 'ResolverSuccess<TFieldValues>' is not assignable to type 'ResolverSuccess<{ birth_date: string; birth_latitude: number; birth_longitude: number; birth_place_label: string; birth_time_status: "exact" | "unknown" | "approximate"; birth_timezone: string; favorite_signs: string[]; ... 14 more ...; preferred_sign?: string | ... 1 more ... | undefined; }>'.
              Type 'TFieldValues' is not assignable to type '{ birth_date: string; birth_latitude: number; birth_longitude: number; birth_place_label: string; birth_time_status: "exact" | "unknown" | "approximate"; birth_timezone: string; favorite_signs: string[]; ... 14 more ...; preferred_sign?: string | ... 1 more ... | undefined; }'.
                Type 'FieldValues' is missing the following properties from type '{ birth_date: string; birth_latitude: number; birth_longitude: number; birth_place_label: string; birth_time_status: "exact" | "unknown" | "approximate"; birth_timezone: string; favorite_signs: string[]; ... 14 more ...; preferred_sign?: string | ... 1 more ... | undefined; }': birth_date, birth_latitude, birth_longitude, birth_place_label, and 7 more.
src/pages/account/ProfilePage.tsx(230,15): error TS2322: Type 'Control<{ birth_date: string; birth_latitude: number; birth_longitude: number; birth_place_label: string; birth_time_status: "exact" | "unknown" | "approximate"; birth_timezone: string; favorite_signs: string[]; ... 14 more ...; preferred_sign?: string | ... 1 more ... | undefined; }, any, TFieldValues>' is not assignable to type 'Control<{ birth_date: string; birth_latitude: number; birth_longitude: number; birth_place_label: string; birth_time_status: "exact" | "unknown" | "approximate"; birth_timezone: string; favorite_signs: string[]; ... 14 more ...; preferred_sign?: string | ... 1 more ... | undefined; }, any, { ...; }>'.
  The types of '_options.resolver' are incompatible between these types.
    Type 'Resolver<{ birth_date: string; birth_latitude: number; birth_longitude: number; birth_place_label: string; birth_time_status: "exact" | "unknown" | "approximate"; birth_timezone: string; ... 15 more ...; preferred_sign?: string | ... 1 more ... | undefined; }, any, TFieldValues> | undefined' is not assignable to type 'Resolver<{ birth_date: string; birth_latitude: number; birth_longitude: number; birth_place_label: string; birth_time_status: "exact" | "unknown" | "approximate"; birth_timezone: string; ... 15 more ...; preferred_sign?: string | ... 1 more ... | undefined; }, any, { ...; }> | undefined'.
      Type 'Resolver<{ birth_date: string; birth_latitude: number; birth_longitude: number; birth_place_label: string; birth_time_status: "exact" | "unknown" | "approximate"; birth_timezone: string; favorite_signs: string[]; ... 14 more ...; preferred_sign?: string | ... 1 more ... | undefined; }, any, TFieldValues>' is not assignable to type 'Resolver<{ birth_date: string; birth_latitude: number; birth_longitude: number; birth_place_label: string; birth_time_status: "exact" | "unknown" | "approximate"; birth_timezone: string; favorite_signs: string[]; ... 14 more ...; preferred_sign?: string | ... 1 more ... | undefined; }, any, { ...; }>'.
        Type 'ResolverResult<{ birth_date: string; birth_latitude: number; birth_longitude: number; birth_place_label: string; birth_time_status: "exact" | "unknown" | "approximate"; birth_timezone: string; ... 15 more ...; preferred_sign?: string | ... 1 more ... | undefined; }, TFieldValues> | Promise<...>' is not assignable to type 'ResolverResult<{ birth_date: string; birth_latitude: number; birth_longitude: number; birth_place_label: string; birth_time_status: "exact" | "unknown" | "approximate"; birth_timezone: string; ... 15 more ...; preferred_sign?: string | ... 1 more ... | undefined; }, { ...; }> | Promise<...>'.
          Type 'ResolverSuccess<TFieldValues>' is not assignable to type 'ResolverResult<{ birth_date: string; birth_latitude: number; birth_longitude: number; birth_place_label: string; birth_time_status: "exact" | "unknown" | "approximate"; birth_timezone: string; ... 15 more ...; preferred_sign?: string | ... 1 more ... | undefined; }, { ...; }> | Promise<...>'.
            Type 'ResolverSuccess<TFieldValues>' is not assignable to type 'ResolverSuccess<{ birth_date: string; birth_latitude: number; birth_longitude: number; birth_place_label: string; birth_time_status: "exact" | "unknown" | "approximate"; birth_timezone: string; favorite_signs: string[]; ... 14 more ...; preferred_sign?: string | ... 1 more ... | undefined; }>'.
              Type 'TFieldValues' is not assignable to type '{ birth_date: string; birth_latitude: number; birth_longitude: number; birth_place_label: string; birth_time_status: "exact" | "unknown" | "approximate"; birth_timezone: string; favorite_signs: string[]; ... 14 more ...; preferred_sign?: string | ... 1 more ... | undefined; }'.
                Type 'FieldValues' is missing the following properties from type '{ birth_date: string; birth_latitude: number; birth_longitude: number; birth_place_label: string; birth_time_status: "exact" | "unknown" | "approximate"; birth_timezone: string; favorite_signs: string[]; ... 14 more ...; preferred_sign?: string | ... 1 more ... | undefined; }': birth_date, birth_latitude, birth_longitude, birth_place_label, and 7 more.
src/pages/account/ProfilePage.tsx(245,15): error TS2322: Type 'Control<{ birth_date: string; birth_latitude: number; birth_longitude: number; birth_place_label: string; birth_time_status: "exact" | "unknown" | "approximate"; birth_timezone: string; favorite_signs: string[]; ... 14 more ...; preferred_sign?: string | ... 1 more ... | undefined; }, any, TFieldValues>' is not assignable to type 'Control<{ birth_date: string; birth_latitude: number; birth_longitude: number; birth_place_label: string; birth_time_status: "exact" | "unknown" | "approximate"; birth_timezone: string; favorite_signs: string[]; ... 14 more ...; preferred_sign?: string | ... 1 more ... | undefined; }, any, { ...; }>'.
  The types of '_options.resolver' are incompatible between these types.
    Type 'Resolver<{ birth_date: string; birth_latitude: number; birth_longitude: number; birth_place_label: string; birth_time_status: "exact" | "unknown" | "approximate"; birth_timezone: string; ... 15 more ...; preferred_sign?: string | ... 1 more ... | undefined; }, any, TFieldValues> | undefined' is not assignable to type 'Resolver<{ birth_date: string; birth_latitude: number; birth_longitude: number; birth_place_label: string; birth_time_status: "exact" | "unknown" | "approximate"; birth_timezone: string; ... 15 more ...; preferred_sign?: string | ... 1 more ... | undefined; }, any, { ...; }> | undefined'.
      Type 'Resolver<{ birth_date: string; birth_latitude: number; birth_longitude: number; birth_place_label: string; birth_time_status: "exact" | "unknown" | "approximate"; birth_timezone: string; favorite_signs: string[]; ... 14 more ...; preferred_sign?: string | ... 1 more ... | undefined; }, any, TFieldValues>' is not assignable to type 'Resolver<{ birth_date: string; birth_latitude: number; birth_longitude: number; birth_place_label: string; birth_time_status: "exact" | "unknown" | "approximate"; birth_timezone: string; favorite_signs: string[]; ... 14 more ...; preferred_sign?: string | ... 1 more ... | undefined; }, any, { ...; }>'.
        Type 'ResolverResult<{ birth_date: string; birth_latitude: number; birth_longitude: number; birth_place_label: string; birth_time_status: "exact" | "unknown" | "approximate"; birth_timezone: string; ... 15 more ...; preferred_sign?: string | ... 1 more ... | undefined; }, TFieldValues> | Promise<...>' is not assignable to type 'ResolverResult<{ birth_date: string; birth_latitude: number; birth_longitude: number; birth_place_label: string; birth_time_status: "exact" | "unknown" | "approximate"; birth_timezone: string; ... 15 more ...; preferred_sign?: string | ... 1 more ... | undefined; }, { ...; }> | Promise<...>'.
          Type 'ResolverSuccess<TFieldValues>' is not assignable to type 'ResolverResult<{ birth_date: string; birth_latitude: number; birth_longitude: number; birth_place_label: string; birth_time_status: "exact" | "unknown" | "approximate"; birth_timezone: string; ... 15 more ...; preferred_sign?: string | ... 1 more ... | undefined; }, { ...; }> | Promise<...>'.
            Type 'ResolverSuccess<TFieldValues>' is not assignable to type 'ResolverSuccess<{ birth_date: string; birth_latitude: number; birth_longitude: number; birth_place_label: string; birth_time_status: "exact" | "unknown" | "approximate"; birth_timezone: string; favorite_signs: string[]; ... 14 more ...; preferred_sign?: string | ... 1 more ... | undefined; }>'.
              Type 'TFieldValues' is not assignable to type '{ birth_date: string; birth_latitude: number; birth_longitude: number; birth_place_label: string; birth_time_status: "exact" | "unknown" | "approximate"; birth_timezone: string; favorite_signs: string[]; ... 14 more ...; preferred_sign?: string | ... 1 more ... | undefined; }'.
                Type 'FieldValues' is missing the following properties from type '{ birth_date: string; birth_latitude: number; birth_longitude: number; birth_place_label: string; birth_time_status: "exact" | "unknown" | "approximate"; birth_timezone: string; favorite_signs: string[]; ... 14 more ...; preferred_sign?: string | ... 1 more ... | undefined; }': birth_date, birth_latitude, birth_longitude, birth_place_label, and 7 more.
src/pages/account/ProfilePage.tsx(251,22): error TS2322: Type '{ placeholder: string; onChange: (...event: any[]) => void; onBlur: Noop; value: string | null | undefined; disabled?: boolean | undefined; name: "display_name"; ref: RefCallBack; }' is not assignable to type 'Omit<DetailedHTMLProps<InputHTMLAttributes<HTMLInputElement>, HTMLInputElement>, "ref">'.
  Types of property 'value' are incompatible.
    Type 'string | null | undefined' is not assignable to type 'string | number | readonly string[] | undefined'.
      Type 'null' is not assignable to type 'string | number | readonly string[] | undefined'.
src/pages/account/ProfilePage.tsx(259,15): error TS2322: Type 'Control<{ birth_date: string; birth_latitude: number; birth_longitude: number; birth_place_label: string; birth_time_status: "exact" | "unknown" | "approximate"; birth_timezone: string; favorite_signs: string[]; ... 14 more ...; preferred_sign?: string | ... 1 more ... | undefined; }, any, TFieldValues>' is not assignable to type 'Control<{ birth_date: string; birth_latitude: number; birth_longitude: number; birth_place_label: string; birth_time_status: "exact" | "unknown" | "approximate"; birth_timezone: string; favorite_signs: string[]; ... 14 more ...; preferred_sign?: string | ... 1 more ... | undefined; }, any, { ...; }>'.
  The types of '_options.resolver' are incompatible between these types.
    Type 'Resolver<{ birth_date: string; birth_latitude: number; birth_longitude: number; birth_place_label: string; birth_time_status: "exact" | "unknown" | "approximate"; birth_timezone: string; ... 15 more ...; preferred_sign?: string | ... 1 more ... | undefined; }, any, TFieldValues> | undefined' is not assignable to type 'Resolver<{ birth_date: string; birth_latitude: number; birth_longitude: number; birth_place_label: string; birth_time_status: "exact" | "unknown" | "approximate"; birth_timezone: string; ... 15 more ...; preferred_sign?: string | ... 1 more ... | undefined; }, any, { ...; }> | undefined'.
      Type 'Resolver<{ birth_date: string; birth_latitude: number; birth_longitude: number; birth_place_label: string; birth_time_status: "exact" | "unknown" | "approximate"; birth_timezone: string; favorite_signs: string[]; ... 14 more ...; preferred_sign?: string | ... 1 more ... | undefined; }, any, TFieldValues>' is not assignable to type 'Resolver<{ birth_date: string; birth_latitude: number; birth_longitude: number; birth_place_label: string; birth_time_status: "exact" | "unknown" | "approximate"; birth_timezone: string; favorite_signs: string[]; ... 14 more ...; preferred_sign?: string | ... 1 more ... | undefined; }, any, { ...; }>'.
        Type 'ResolverResult<{ birth_date: string; birth_latitude: number; birth_longitude: number; birth_place_label: string; birth_time_status: "exact" | "unknown" | "approximate"; birth_timezone: string; ... 15 more ...; preferred_sign?: string | ... 1 more ... | undefined; }, TFieldValues> | Promise<...>' is not assignable to type 'ResolverResult<{ birth_date: string; birth_latitude: number; birth_longitude: number; birth_place_label: string; birth_time_status: "exact" | "unknown" | "approximate"; birth_timezone: string; ... 15 more ...; preferred_sign?: string | ... 1 more ... | undefined; }, { ...; }> | Promise<...>'.
          Type 'ResolverSuccess<TFieldValues>' is not assignable to type 'ResolverResult<{ birth_date: string; birth_latitude: number; birth_longitude: number; birth_place_label: string; birth_time_status: "exact" | "unknown" | "approximate"; birth_timezone: string; ... 15 more ...; preferred_sign?: string | ... 1 more ... | undefined; }, { ...; }> | Promise<...>'.
            Type 'ResolverSuccess<TFieldValues>' is not assignable to type 'ResolverSuccess<{ birth_date: string; birth_latitude: number; birth_longitude: number; birth_place_label: string; birth_time_status: "exact" | "unknown" | "approximate"; birth_timezone: string; favorite_signs: string[]; ... 14 more ...; preferred_sign?: string | ... 1 more ... | undefined; }>'.
              Type 'TFieldValues' is not assignable to type '{ birth_date: string; birth_latitude: number; birth_longitude: number; birth_place_label: string; birth_time_status: "exact" | "unknown" | "approximate"; birth_timezone: string; favorite_signs: string[]; ... 14 more ...; preferred_sign?: string | ... 1 more ... | undefined; }'.
                Type 'FieldValues' is missing the following properties from type '{ birth_date: string; birth_latitude: number; birth_longitude: number; birth_place_label: string; birth_time_status: "exact" | "unknown" | "approximate"; birth_timezone: string; favorite_signs: string[]; ... 14 more ...; preferred_sign?: string | ... 1 more ... | undefined; }': birth_date, birth_latitude, birth_longitude, birth_place_label, and 7 more.
src/pages/account/ProfilePage.tsx(265,22): error TS2322: Type '{ rows: number; maxLength: number; onChange: (...event: any[]) => void; onBlur: Noop; value: string | null | undefined; disabled?: boolean | undefined; name: "bio"; ref: RefCallBack; }' is not assignable to type 'Omit<DetailedHTMLProps<TextareaHTMLAttributes<HTMLTextAreaElement>, HTMLTextAreaElement>, "ref">'.
  Types of property 'value' are incompatible.
    Type 'string | null | undefined' is not assignable to type 'string | number | readonly string[] | undefined'.
      Type 'null' is not assignable to type 'string | number | readonly string[] | undefined'.
src/pages/account/ProfilePage.tsx(273,15): error TS2322: Type 'Control<{ birth_date: string; birth_latitude: number; birth_longitude: number; birth_place_label: string; birth_time_status: "exact" | "unknown" | "approximate"; birth_timezone: string; favorite_signs: string[]; ... 14 more ...; preferred_sign?: string | ... 1 more ... | undefined; }, any, TFieldValues>' is not assignable to type 'Control<{ birth_date: string; birth_latitude: number; birth_longitude: number; birth_place_label: string; birth_time_status: "exact" | "unknown" | "approximate"; birth_timezone: string; favorite_signs: string[]; ... 14 more ...; preferred_sign?: string | ... 1 more ... | undefined; }, any, { ...; }>'.
  The types of '_options.resolver' are incompatible between these types.
    Type 'Resolver<{ birth_date: string; birth_latitude: number; birth_longitude: number; birth_place_label: string; birth_time_status: "exact" | "unknown" | "approximate"; birth_timezone: string; ... 15 more ...; preferred_sign?: string | ... 1 more ... | undefined; }, any, TFieldValues> | undefined' is not assignable to type 'Resolver<{ birth_date: string; birth_latitude: number; birth_longitude: number; birth_place_label: string; birth_time_status: "exact" | "unknown" | "approximate"; birth_timezone: string; ... 15 more ...; preferred_sign?: string | ... 1 more ... | undefined; }, any, { ...; }> | undefined'.
      Type 'Resolver<{ birth_date: string; birth_latitude: number; birth_longitude: number; birth_place_label: string; birth_time_status: "exact" | "unknown" | "approximate"; birth_timezone: string; favorite_signs: string[]; ... 14 more ...; preferred_sign?: string | ... 1 more ... | undefined; }, any, TFieldValues>' is not assignable to type 'Resolver<{ birth_date: string; birth_latitude: number; birth_longitude: number; birth_place_label: string; birth_time_status: "exact" | "unknown" | "approximate"; birth_timezone: string; favorite_signs: string[]; ... 14 more ...; preferred_sign?: string | ... 1 more ... | undefined; }, any, { ...; }>'.
        Type 'ResolverResult<{ birth_date: string; birth_latitude: number; birth_longitude: number; birth_place_label: string; birth_time_status: "exact" | "unknown" | "approximate"; birth_timezone: string; ... 15 more ...; preferred_sign?: string | ... 1 more ... | undefined; }, TFieldValues> | Promise<...>' is not assignable to type 'ResolverResult<{ birth_date: string; birth_latitude: number; birth_longitude: number; birth_place_label: string; birth_time_status: "exact" | "unknown" | "approximate"; birth_timezone: string; ... 15 more ...; preferred_sign?: string | ... 1 more ... | undefined; }, { ...; }> | Promise<...>'.
          Type 'ResolverSuccess<TFieldValues>' is not assignable to type 'ResolverResult<{ birth_date: string; birth_latitude: number; birth_longitude: number; birth_place_label: string; birth_time_status: "exact" | "unknown" | "approximate"; birth_timezone: string; ... 15 more ...; preferred_sign?: string | ... 1 more ... | undefined; }, { ...; }> | Promise<...>'.
            Type 'ResolverSuccess<TFieldValues>' is not assignable to type 'ResolverSuccess<{ birth_date: string; birth_latitude: number; birth_longitude: number; birth_place_label: string; birth_time_status: "exact" | "unknown" | "approximate"; birth_timezone: string; favorite_signs: string[]; ... 14 more ...; preferred_sign?: string | ... 1 more ... | undefined; }>'.
              Type 'TFieldValues' is not assignable to type '{ birth_date: string; birth_latitude: number; birth_longitude: number; birth_place_label: string; birth_time_status: "exact" | "unknown" | "approximate"; birth_timezone: string; favorite_signs: string[]; ... 14 more ...; preferred_sign?: string | ... 1 more ... | undefined; }'.
                Type 'FieldValues' is missing the following properties from type '{ birth_date: string; birth_latitude: number; birth_longitude: number; birth_place_label: string; birth_time_status: "exact" | "unknown" | "approximate"; birth_timezone: string; favorite_signs: string[]; ... 14 more ...; preferred_sign?: string | ... 1 more ... | undefined; }': birth_date, birth_latitude, birth_longitude, birth_place_label, and 7 more.
src/pages/account/ProfilePage.tsx(279,22): error TS2322: Type '{ placeholder: string; onChange: (...event: any[]) => void; onBlur: Noop; value: string | null | undefined; disabled?: boolean | undefined; name: "city"; ref: RefCallBack; }' is not assignable to type 'Omit<DetailedHTMLProps<InputHTMLAttributes<HTMLInputElement>, HTMLInputElement>, "ref">'.
  Types of property 'value' are incompatible.
    Type 'string | null | undefined' is not assignable to type 'string | number | readonly string[] | undefined'.
      Type 'null' is not assignable to type 'string | number | readonly string[] | undefined'.
src/pages/account/ProfilePage.tsx(293,15): error TS2322: Type 'Control<{ birth_date: string; birth_latitude: number; birth_longitude: number; birth_place_label: string; birth_time_status: "exact" | "unknown" | "approximate"; birth_timezone: string; favorite_signs: string[]; ... 14 more ...; preferred_sign?: string | ... 1 more ... | undefined; }, any, TFieldValues>' is not assignable to type 'Control<{ birth_date: string; birth_latitude: number; birth_longitude: number; birth_place_label: string; birth_time_status: "exact" | "unknown" | "approximate"; birth_timezone: string; favorite_signs: string[]; ... 14 more ...; preferred_sign?: string | ... 1 more ... | undefined; }, any, { ...; }>'.
  The types of '_options.resolver' are incompatible between these types.
    Type 'Resolver<{ birth_date: string; birth_latitude: number; birth_longitude: number; birth_place_label: string; birth_time_status: "exact" | "unknown" | "approximate"; birth_timezone: string; ... 15 more ...; preferred_sign?: string | ... 1 more ... | undefined; }, any, TFieldValues> | undefined' is not assignable to type 'Resolver<{ birth_date: string; birth_latitude: number; birth_longitude: number; birth_place_label: string; birth_time_status: "exact" | "unknown" | "approximate"; birth_timezone: string; ... 15 more ...; preferred_sign?: string | ... 1 more ... | undefined; }, any, { ...; }> | undefined'.
      Type 'Resolver<{ birth_date: string; birth_latitude: number; birth_longitude: number; birth_place_label: string; birth_time_status: "exact" | "unknown" | "approximate"; birth_timezone: string; favorite_signs: string[]; ... 14 more ...; preferred_sign?: string | ... 1 more ... | undefined; }, any, TFieldValues>' is not assignable to type 'Resolver<{ birth_date: string; birth_latitude: number; birth_longitude: number; birth_place_label: string; birth_time_status: "exact" | "unknown" | "approximate"; birth_timezone: string; favorite_signs: string[]; ... 14 more ...; preferred_sign?: string | ... 1 more ... | undefined; }, any, { ...; }>'.
        Type 'ResolverResult<{ birth_date: string; birth_latitude: number; birth_longitude: number; birth_place_label: string; birth_time_status: "exact" | "unknown" | "approximate"; birth_timezone: string; ... 15 more ...; preferred_sign?: string | ... 1 more ... | undefined; }, TFieldValues> | Promise<...>' is not assignable to type 'ResolverResult<{ birth_date: string; birth_latitude: number; birth_longitude: number; birth_place_label: string; birth_time_status: "exact" | "unknown" | "approximate"; birth_timezone: string; ... 15 more ...; preferred_sign?: string | ... 1 more ... | undefined; }, { ...; }> | Promise<...>'.
          Type 'ResolverSuccess<TFieldValues>' is not assignable to type 'ResolverResult<{ birth_date: string; birth_latitude: number; birth_longitude: number; birth_place_label: string; birth_time_status: "exact" | "unknown" | "approximate"; birth_timezone: string; ... 15 more ...; preferred_sign?: string | ... 1 more ... | undefined; }, { ...; }> | Promise<...>'.
            Type 'ResolverSuccess<TFieldValues>' is not assignable to type 'ResolverSuccess<{ birth_date: string; birth_latitude: number; birth_longitude: number; birth_place_label: string; birth_time_status: "exact" | "unknown" | "approximate"; birth_timezone: string; favorite_signs: string[]; ... 14 more ...; preferred_sign?: string | ... 1 more ... | undefined; }>'.
              Type 'TFieldValues' is not assignable to type '{ birth_date: string; birth_latitude: number; birth_longitude: number; birth_place_label: string; birth_time_status: "exact" | "unknown" | "approximate"; birth_timezone: string; favorite_signs: string[]; ... 14 more ...; preferred_sign?: string | ... 1 more ... | undefined; }'.
                Type 'FieldValues' is missing the following properties from type '{ birth_date: string; birth_latitude: number; birth_longitude: number; birth_place_label: string; birth_time_status: "exact" | "unknown" | "approximate"; birth_timezone: string; favorite_signs: string[]; ... 14 more ...; preferred_sign?: string | ... 1 more ... | undefined; }': birth_date, birth_latitude, birth_longitude, birth_place_label, and 7 more.
src/pages/account/ProfilePage.tsx(319,15): error TS2322: Type 'Control<{ birth_date: string; birth_latitude: number; birth_longitude: number; birth_place_label: string; birth_time_status: "exact" | "unknown" | "approximate"; birth_timezone: string; favorite_signs: string[]; ... 14 more ...; preferred_sign?: string | ... 1 more ... | undefined; }, any, TFieldValues>' is not assignable to type 'Control<{ birth_date: string; birth_latitude: number; birth_longitude: number; birth_place_label: string; birth_time_status: "exact" | "unknown" | "approximate"; birth_timezone: string; favorite_signs: string[]; ... 14 more ...; preferred_sign?: string | ... 1 more ... | undefined; }, any, { ...; }>'.
  The types of '_options.resolver' are incompatible between these types.
    Type 'Resolver<{ birth_date: string; birth_latitude: number; birth_longitude: number; birth_place_label: string; birth_time_status: "exact" | "unknown" | "approximate"; birth_timezone: string; ... 15 more ...; preferred_sign?: string | ... 1 more ... | undefined; }, any, TFieldValues> | undefined' is not assignable to type 'Resolver<{ birth_date: string; birth_latitude: number; birth_longitude: number; birth_place_label: string; birth_time_status: "exact" | "unknown" | "approximate"; birth_timezone: string; ... 15 more ...; preferred_sign?: string | ... 1 more ... | undefined; }, any, { ...; }> | undefined'.
      Type 'Resolver<{ birth_date: string; birth_latitude: number; birth_longitude: number; birth_place_label: string; birth_time_status: "exact" | "unknown" | "approximate"; birth_timezone: string; favorite_signs: string[]; ... 14 more ...; preferred_sign?: string | ... 1 more ... | undefined; }, any, TFieldValues>' is not assignable to type 'Resolver<{ birth_date: string; birth_latitude: number; birth_longitude: number; birth_place_label: string; birth_time_status: "exact" | "unknown" | "approximate"; birth_timezone: string; favorite_signs: string[]; ... 14 more ...; preferred_sign?: string | ... 1 more ... | undefined; }, any, { ...; }>'.
        Type 'ResolverResult<{ birth_date: string; birth_latitude: number; birth_longitude: number; birth_place_label: string; birth_time_status: "exact" | "unknown" | "approximate"; birth_timezone: string; ... 15 more ...; preferred_sign?: string | ... 1 more ... | undefined; }, TFieldValues> | Promise<...>' is not assignable to type 'ResolverResult<{ birth_date: string; birth_latitude: number; birth_longitude: number; birth_place_label: string; birth_time_status: "exact" | "unknown" | "approximate"; birth_timezone: string; ... 15 more ...; preferred_sign?: string | ... 1 more ... | undefined; }, { ...; }> | Promise<...>'.
          Type 'ResolverSuccess<TFieldValues>' is not assignable to type 'ResolverResult<{ birth_date: string; birth_latitude: number; birth_longitude: number; birth_place_label: string; birth_time_status: "exact" | "unknown" | "approximate"; birth_timezone: string; ... 15 more ...; preferred_sign?: string | ... 1 more ... | undefined; }, { ...; }> | Promise<...>'.
            Type 'ResolverSuccess<TFieldValues>' is not assignable to type 'ResolverSuccess<{ birth_date: string; birth_latitude: number; birth_longitude: number; birth_place_label: string; birth_time_status: "exact" | "unknown" | "approximate"; birth_timezone: string; favorite_signs: string[]; ... 14 more ...; preferred_sign?: string | ... 1 more ... | undefined; }>'.
              Type 'TFieldValues' is not assignable to type '{ birth_date: string; birth_latitude: number; birth_longitude: number; birth_place_label: string; birth_time_status: "exact" | "unknown" | "approximate"; birth_timezone: string; favorite_signs: string[]; ... 14 more ...; preferred_sign?: string | ... 1 more ... | undefined; }'.
                Type 'FieldValues' is missing the following properties from type '{ birth_date: string; birth_latitude: number; birth_longitude: number; birth_place_label: string; birth_time_status: "exact" | "unknown" | "approximate"; birth_timezone: string; favorite_signs: string[]; ... 14 more ...; preferred_sign?: string | ... 1 more ... | undefined; }': birth_date, birth_latitude, birth_longitude, birth_place_label, and 7 more.
src/pages/account/ProfilePage.tsx(356,15): error TS2322: Type 'Control<{ birth_date: string; birth_latitude: number; birth_longitude: number; birth_place_label: string; birth_time_status: "exact" | "unknown" | "approximate"; birth_timezone: string; favorite_signs: string[]; ... 14 more ...; preferred_sign?: string | ... 1 more ... | undefined; }, any, TFieldValues>' is not assignable to type 'Control<{ birth_date: string; birth_latitude: number; birth_longitude: number; birth_place_label: string; birth_time_status: "exact" | "unknown" | "approximate"; birth_timezone: string; favorite_signs: string[]; ... 14 more ...; preferred_sign?: string | ... 1 more ... | undefined; }, any, { ...; }>'.
  The types of '_options.resolver' are incompatible between these types.
    Type 'Resolver<{ birth_date: string; birth_latitude: number; birth_longitude: number; birth_place_label: string; birth_time_status: "exact" | "unknown" | "approximate"; birth_timezone: string; ... 15 more ...; preferred_sign?: string | ... 1 more ... | undefined; }, any, TFieldValues> | undefined' is not assignable to type 'Resolver<{ birth_date: string; birth_latitude: number; birth_longitude: number; birth_place_label: string; birth_time_status: "exact" | "unknown" | "approximate"; birth_timezone: string; ... 15 more ...; preferred_sign?: string | ... 1 more ... | undefined; }, any, { ...; }> | undefined'.
      Type 'Resolver<{ birth_date: string; birth_latitude: number; birth_longitude: number; birth_place_label: string; birth_time_status: "exact" | "unknown" | "approximate"; birth_timezone: string; favorite_signs: string[]; ... 14 more ...; preferred_sign?: string | ... 1 more ... | undefined; }, any, TFieldValues>' is not assignable to type 'Resolver<{ birth_date: string; birth_latitude: number; birth_longitude: number; birth_place_label: string; birth_time_status: "exact" | "unknown" | "approximate"; birth_timezone: string; favorite_signs: string[]; ... 14 more ...; preferred_sign?: string | ... 1 more ... | undefined; }, any, { ...; }>'.
        Type 'ResolverResult<{ birth_date: string; birth_latitude: number; birth_longitude: number; birth_place_label: string; birth_time_status: "exact" | "unknown" | "approximate"; birth_timezone: string; ... 15 more ...; preferred_sign?: string | ... 1 more ... | undefined; }, TFieldValues> | Promise<...>' is not assignable to type 'ResolverResult<{ birth_date: string; birth_latitude: number; birth_longitude: number; birth_place_label: string; birth_time_status: "exact" | "unknown" | "approximate"; birth_timezone: string; ... 15 more ...; preferred_sign?: string | ... 1 more ... | undefined; }, { ...; }> | Promise<...>'.
          Type 'ResolverSuccess<TFieldValues>' is not assignable to type 'ResolverResult<{ birth_date: string; birth_latitude: number; birth_longitude: number; birth_place_label: string; birth_time_status: "exact" | "unknown" | "approximate"; birth_timezone: string; ... 15 more ...; preferred_sign?: string | ... 1 more ... | undefined; }, { ...; }> | Promise<...>'.
            Type 'ResolverSuccess<TFieldValues>' is not assignable to type 'ResolverSuccess<{ birth_date: string; birth_latitude: number; birth_longitude: number; birth_place_label: string; birth_time_status: "exact" | "unknown" | "approximate"; birth_timezone: string; favorite_signs: string[]; ... 14 more ...; preferred_sign?: string | ... 1 more ... | undefined; }>'.
              Type 'TFieldValues' is not assignable to type '{ birth_date: string; birth_latitude: number; birth_longitude: number; birth_place_label: string; birth_time_status: "exact" | "unknown" | "approximate"; birth_timezone: string; favorite_signs: string[]; ... 14 more ...; preferred_sign?: string | ... 1 more ... | undefined; }'.
                Type 'FieldValues' is missing the following properties from type '{ birth_date: string; birth_latitude: number; birth_longitude: number; birth_place_label: string; birth_time_status: "exact" | "unknown" | "approximate"; birth_timezone: string; favorite_signs: string[]; ... 14 more ...; preferred_sign?: string | ... 1 more ... | undefined; }': birth_date, birth_latitude, birth_longitude, birth_place_label, and 7 more.
src/pages/account/ProfilePage.tsx(372,15): error TS2322: Type 'Control<{ birth_date: string; birth_latitude: number; birth_longitude: number; birth_place_label: string; birth_time_status: "exact" | "unknown" | "approximate"; birth_timezone: string; favorite_signs: string[]; ... 14 more ...; preferred_sign?: string | ... 1 more ... | undefined; }, any, TFieldValues>' is not assignable to type 'Control<{ birth_date: string; birth_latitude: number; birth_longitude: number; birth_place_label: string; birth_time_status: "exact" | "unknown" | "approximate"; birth_timezone: string; favorite_signs: string[]; ... 14 more ...; preferred_sign?: string | ... 1 more ... | undefined; }, any, { ...; }>'.
  The types of '_options.resolver' are incompatible between these types.
    Type 'Resolver<{ birth_date: string; birth_latitude: number; birth_longitude: number; birth_place_label: string; birth_time_status: "exact" | "unknown" | "approximate"; birth_timezone: string; ... 15 more ...; preferred_sign?: string | ... 1 more ... | undefined; }, any, TFieldValues> | undefined' is not assignable to type 'Resolver<{ birth_date: string; birth_latitude: number; birth_longitude: number; birth_place_label: string; birth_time_status: "exact" | "unknown" | "approximate"; birth_timezone: string; ... 15 more ...; preferred_sign?: string | ... 1 more ... | undefined; }, any, { ...; }> | undefined'.
      Type 'Resolver<{ birth_date: string; birth_latitude: number; birth_longitude: number; birth_place_label: string; birth_time_status: "exact" | "unknown" | "approximate"; birth_timezone: string; favorite_signs: string[]; ... 14 more ...; preferred_sign?: string | ... 1 more ... | undefined; }, any, TFieldValues>' is not assignable to type 'Resolver<{ birth_date: string; birth_latitude: number; birth_longitude: number; birth_place_label: string; birth_time_status: "exact" | "unknown" | "approximate"; birth_timezone: string; favorite_signs: string[]; ... 14 more ...; preferred_sign?: string | ... 1 more ... | undefined; }, any, { ...; }>'.
        Type 'ResolverResult<{ birth_date: string; birth_latitude: number; birth_longitude: number; birth_place_label: string; birth_time_status: "exact" | "unknown" | "approximate"; birth_timezone: string; ... 15 more ...; preferred_sign?: string | ... 1 more ... | undefined; }, TFieldValues> | Promise<...>' is not assignable to type 'ResolverResult<{ birth_date: string; birth_latitude: number; birth_longitude: number; birth_place_label: string; birth_time_status: "exact" | "unknown" | "approximate"; birth_timezone: string; ... 15 more ...; preferred_sign?: string | ... 1 more ... | undefined; }, { ...; }> | Promise<...>'.
          Type 'ResolverSuccess<TFieldValues>' is not assignable to type 'ResolverResult<{ birth_date: string; birth_latitude: number; birth_longitude: number; birth_place_label: string; birth_time_status: "exact" | "unknown" | "approximate"; birth_timezone: string; ... 15 more ...; preferred_sign?: string | ... 1 more ... | undefined; }, { ...; }> | Promise<...>'.
            Type 'ResolverSuccess<TFieldValues>' is not assignable to type 'ResolverSuccess<{ birth_date: string; birth_latitude: number; birth_longitude: number; birth_place_label: string; birth_time_status: "exact" | "unknown" | "approximate"; birth_timezone: string; favorite_signs: string[]; ... 14 more ...; preferred_sign?: string | ... 1 more ... | undefined; }>'.
              Type 'TFieldValues' is not assignable to type '{ birth_date: string; birth_latitude: number; birth_longitude: number; birth_place_label: string; birth_time_status: "exact" | "unknown" | "approximate"; birth_timezone: string; favorite_signs: string[]; ... 14 more ...; preferred_sign?: string | ... 1 more ... | undefined; }'.
                Type 'FieldValues' is missing the following properties from type '{ birth_date: string; birth_latitude: number; birth_longitude: number; birth_place_label: string; birth_time_status: "exact" | "unknown" | "approximate"; birth_timezone: string; favorite_signs: string[]; ... 14 more ...; preferred_sign?: string | ... 1 more ... | undefined; }': birth_date, birth_latitude, birth_longitude, birth_place_label, and 7 more.
src/pages/account/ProfilePage.tsx(388,15): error TS2322: Type 'Control<{ birth_date: string; birth_latitude: number; birth_longitude: number; birth_place_label: string; birth_time_status: "exact" | "unknown" | "approximate"; birth_timezone: string; favorite_signs: string[]; ... 14 more ...; preferred_sign?: string | ... 1 more ... | undefined; }, any, TFieldValues>' is not assignable to type 'Control<{ birth_date: string; birth_latitude: number; birth_longitude: number; birth_place_label: string; birth_time_status: "exact" | "unknown" | "approximate"; birth_timezone: string; favorite_signs: string[]; ... 14 more ...; preferred_sign?: string | ... 1 more ... | undefined; }, any, { ...; }>'.
  The types of '_options.resolver' are incompatible between these types.
    Type 'Resolver<{ birth_date: string; birth_latitude: number; birth_longitude: number; birth_place_label: string; birth_time_status: "exact" | "unknown" | "approximate"; birth_timezone: string; ... 15 more ...; preferred_sign?: string | ... 1 more ... | undefined; }, any, TFieldValues> | undefined' is not assignable to type 'Resolver<{ birth_date: string; birth_latitude: number; birth_longitude: number; birth_place_label: string; birth_time_status: "exact" | "unknown" | "approximate"; birth_timezone: string; ... 15 more ...; preferred_sign?: string | ... 1 more ... | undefined; }, any, { ...; }> | undefined'.
      Type 'Resolver<{ birth_date: string; birth_latitude: number; birth_longitude: number; birth_place_label: string; birth_time_status: "exact" | "unknown" | "approximate"; birth_timezone: string; favorite_signs: string[]; ... 14 more ...; preferred_sign?: string | ... 1 more ... | undefined; }, any, TFieldValues>' is not assignable to type 'Resolver<{ birth_date: string; birth_latitude: number; birth_longitude: number; birth_place_label: string; birth_time_status: "exact" | "unknown" | "approximate"; birth_timezone: string; favorite_signs: string[]; ... 14 more ...; preferred_sign?: string | ... 1 more ... | undefined; }, any, { ...; }>'.
        Type 'ResolverResult<{ birth_date: string; birth_latitude: number; birth_longitude: number; birth_place_label: string; birth_time_status: "exact" | "unknown" | "approximate"; birth_timezone: string; ... 15 more ...; preferred_sign?: string | ... 1 more ... | undefined; }, TFieldValues> | Promise<...>' is not assignable to type 'ResolverResult<{ birth_date: string; birth_latitude: number; birth_longitude: number; birth_place_label: string; birth_time_status: "exact" | "unknown" | "approximate"; birth_timezone: string; ... 15 more ...; preferred_sign?: string | ... 1 more ... | undefined; }, { ...; }> | Promise<...>'.
          Type 'ResolverSuccess<TFieldValues>' is not assignable to type 'ResolverResult<{ birth_date: string; birth_latitude: number; birth_longitude: number; birth_place_label: string; birth_time_status: "exact" | "unknown" | "approximate"; birth_timezone: string; ... 15 more ...; preferred_sign?: string | ... 1 more ... | undefined; }, { ...; }> | Promise<...>'.
            Type 'ResolverSuccess<TFieldValues>' is not assignable to type 'ResolverSuccess<{ birth_date: string; birth_latitude: number; birth_longitude: number; birth_place_label: string; birth_time_status: "exact" | "unknown" | "approximate"; birth_timezone: string; favorite_signs: string[]; ... 14 more ...; preferred_sign?: string | ... 1 more ... | undefined; }>'.
              Type 'TFieldValues' is not assignable to type '{ birth_date: string; birth_latitude: number; birth_longitude: number; birth_place_label: string; birth_time_status: "exact" | "unknown" | "approximate"; birth_timezone: string; favorite_signs: string[]; ... 14 more ...; preferred_sign?: string | ... 1 more ... | undefined; }'.
                Type 'FieldValues' is missing the following properties from type '{ birth_date: string; birth_latitude: number; birth_longitude: number; birth_place_label: string; birth_time_status: "exact" | "unknown" | "approximate"; birth_timezone: string; favorite_signs: string[]; ... 14 more ...; preferred_sign?: string | ... 1 more ... | undefined; }': birth_date, birth_latitude, birth_longitude, birth_place_label, and 7 more.
src/pages/account/ProfilePage.tsx(411,17): error TS2322: Type 'Control<{ birth_date: string; birth_latitude: number; birth_longitude: number; birth_place_label: string; birth_time_status: "exact" | "unknown" | "approximate"; birth_timezone: string; favorite_signs: string[]; ... 14 more ...; preferred_sign?: string | ... 1 more ... | undefined; }, any, TFieldValues>' is not assignable to type 'Control<{ birth_date: string; birth_latitude: number; birth_longitude: number; birth_place_label: string; birth_time_status: "exact" | "unknown" | "approximate"; birth_timezone: string; favorite_signs: string[]; ... 14 more ...; preferred_sign?: string | ... 1 more ... | undefined; }, any, { ...; }>'.
  The types of '_options.resolver' are incompatible between these types.
    Type 'Resolver<{ birth_date: string; birth_latitude: number; birth_longitude: number; birth_place_label: string; birth_time_status: "exact" | "unknown" | "approximate"; birth_timezone: string; ... 15 more ...; preferred_sign?: string | ... 1 more ... | undefined; }, any, TFieldValues> | undefined' is not assignable to type 'Resolver<{ birth_date: string; birth_latitude: number; birth_longitude: number; birth_place_label: string; birth_time_status: "exact" | "unknown" | "approximate"; birth_timezone: string; ... 15 more ...; preferred_sign?: string | ... 1 more ... | undefined; }, any, { ...; }> | undefined'.
      Type 'Resolver<{ birth_date: string; birth_latitude: number; birth_longitude: number; birth_place_label: string; birth_time_status: "exact" | "unknown" | "approximate"; birth_timezone: string; favorite_signs: string[]; ... 14 more ...; preferred_sign?: string | ... 1 more ... | undefined; }, any, TFieldValues>' is not assignable to type 'Resolver<{ birth_date: string; birth_latitude: number; birth_longitude: number; birth_place_label: string; birth_time_status: "exact" | "unknown" | "approximate"; birth_timezone: string; favorite_signs: string[]; ... 14 more ...; preferred_sign?: string | ... 1 more ... | undefined; }, any, { ...; }>'.
        Type 'ResolverResult<{ birth_date: string; birth_latitude: number; birth_longitude: number; birth_place_label: string; birth_time_status: "exact" | "unknown" | "approximate"; birth_timezone: string; ... 15 more ...; preferred_sign?: string | ... 1 more ... | undefined; }, TFieldValues> | Promise<...>' is not assignable to type 'ResolverResult<{ birth_date: string; birth_latitude: number; birth_longitude: number; birth_place_label: string; birth_time_status: "exact" | "unknown" | "approximate"; birth_timezone: string; ... 15 more ...; preferred_sign?: string | ... 1 more ... | undefined; }, { ...; }> | Promise<...>'.
          Type 'ResolverSuccess<TFieldValues>' is not assignable to type 'ResolverResult<{ birth_date: string; birth_latitude: number; birth_longitude: number; birth_place_label: string; birth_time_status: "exact" | "unknown" | "approximate"; birth_timezone: string; ... 15 more ...; preferred_sign?: string | ... 1 more ... | undefined; }, { ...; }> | Promise<...>'.
            Type 'ResolverSuccess<TFieldValues>' is not assignable to type 'ResolverSuccess<{ birth_date: string; birth_latitude: number; birth_longitude: number; birth_place_label: string; birth_time_status: "exact" | "unknown" | "approximate"; birth_timezone: string; favorite_signs: string[]; ... 14 more ...; preferred_sign?: string | ... 1 more ... | undefined; }>'.
              Type 'TFieldValues' is not assignable to type '{ birth_date: string; birth_latitude: number; birth_longitude: number; birth_place_label: string; birth_time_status: "exact" | "unknown" | "approximate"; birth_timezone: string; favorite_signs: string[]; ... 14 more ...; preferred_sign?: string | ... 1 more ... | undefined; }'.
                Type 'FieldValues' is missing the following properties from type '{ birth_date: string; birth_latitude: number; birth_longitude: number; birth_place_label: string; birth_time_status: "exact" | "unknown" | "approximate"; birth_timezone: string; favorite_signs: string[]; ... 14 more ...; preferred_sign?: string | ... 1 more ... | undefined; }': birth_date, birth_latitude, birth_longitude, birth_place_label, and 7 more.
src/pages/account/ProfilePage.tsx(425,17): error TS2322: Type 'Control<{ birth_date: string; birth_latitude: number; birth_longitude: number; birth_place_label: string; birth_time_status: "exact" | "unknown" | "approximate"; birth_timezone: string; favorite_signs: string[]; ... 14 more ...; preferred_sign?: string | ... 1 more ... | undefined; }, any, TFieldValues>' is not assignable to type 'Control<{ birth_date: string; birth_latitude: number; birth_longitude: number; birth_place_label: string; birth_time_status: "exact" | "unknown" | "approximate"; birth_timezone: string; favorite_signs: string[]; ... 14 more ...; preferred_sign?: string | ... 1 more ... | undefined; }, any, { ...; }>'.
  The types of '_options.resolver' are incompatible between these types.
    Type 'Resolver<{ birth_date: string; birth_latitude: number; birth_longitude: number; birth_place_label: string; birth_time_status: "exact" | "unknown" | "approximate"; birth_timezone: string; ... 15 more ...; preferred_sign?: string | ... 1 more ... | undefined; }, any, TFieldValues> | undefined' is not assignable to type 'Resolver<{ birth_date: string; birth_latitude: number; birth_longitude: number; birth_place_label: string; birth_time_status: "exact" | "unknown" | "approximate"; birth_timezone: string; ... 15 more ...; preferred_sign?: string | ... 1 more ... | undefined; }, any, { ...; }> | undefined'.
      Type 'Resolver<{ birth_date: string; birth_latitude: number; birth_longitude: number; birth_place_label: string; birth_time_status: "exact" | "unknown" | "approximate"; birth_timezone: string; favorite_signs: string[]; ... 14 more ...; preferred_sign?: string | ... 1 more ... | undefined; }, any, TFieldValues>' is not assignable to type 'Resolver<{ birth_date: string; birth_latitude: number; birth_longitude: number; birth_place_label: string; birth_time_status: "exact" | "unknown" | "approximate"; birth_timezone: string; favorite_signs: string[]; ... 14 more ...; preferred_sign?: string | ... 1 more ... | undefined; }, any, { ...; }>'.
        Type 'ResolverResult<{ birth_date: string; birth_latitude: number; birth_longitude: number; birth_place_label: string; birth_time_status: "exact" | "unknown" | "approximate"; birth_timezone: string; ... 15 more ...; preferred_sign?: string | ... 1 more ... | undefined; }, TFieldValues> | Promise<...>' is not assignable to type 'ResolverResult<{ birth_date: string; birth_latitude: number; birth_longitude: number; birth_place_label: string; birth_time_status: "exact" | "unknown" | "approximate"; birth_timezone: string; ... 15 more ...; preferred_sign?: string | ... 1 more ... | undefined; }, { ...; }> | Promise<...>'.
          Type 'ResolverSuccess<TFieldValues>' is not assignable to type 'ResolverResult<{ birth_date: string; birth_latitude: number; birth_longitude: number; birth_place_label: string; birth_time_status: "exact" | "unknown" | "approximate"; birth_timezone: string; ... 15 more ...; preferred_sign?: string | ... 1 more ... | undefined; }, { ...; }> | Promise<...>'.
            Type 'ResolverSuccess<TFieldValues>' is not assignable to type 'ResolverSuccess<{ birth_date: string; birth_latitude: number; birth_longitude: number; birth_place_label: string; birth_time_status: "exact" | "unknown" | "approximate"; birth_timezone: string; favorite_signs: string[]; ... 14 more ...; preferred_sign?: string | ... 1 more ... | undefined; }>'.
              Type 'TFieldValues' is not assignable to type '{ birth_date: string; birth_latitude: number; birth_longitude: number; birth_place_label: string; birth_time_status: "exact" | "unknown" | "approximate"; birth_timezone: string; favorite_signs: string[]; ... 14 more ...; preferred_sign?: string | ... 1 more ... | undefined; }'.
                Type 'FieldValues' is missing the following properties from type '{ birth_date: string; birth_latitude: number; birth_longitude: number; birth_place_label: string; birth_time_status: "exact" | "unknown" | "approximate"; birth_timezone: string; favorite_signs: string[]; ... 14 more ...; preferred_sign?: string | ... 1 more ... | undefined; }': birth_date, birth_latitude, birth_longitude, birth_place_label, and 7 more.
src/pages/account/ProfilePage.tsx(464,17): error TS2322: Type 'Control<{ birth_date: string; birth_latitude: number; birth_longitude: number; birth_place_label: string; birth_time_status: "exact" | "unknown" | "approximate"; birth_timezone: string; favorite_signs: string[]; ... 14 more ...; preferred_sign?: string | ... 1 more ... | undefined; }, any, TFieldValues>' is not assignable to type 'Control<{ birth_date: string; birth_latitude: number; birth_longitude: number; birth_place_label: string; birth_time_status: "exact" | "unknown" | "approximate"; birth_timezone: string; favorite_signs: string[]; ... 14 more ...; preferred_sign?: string | ... 1 more ... | undefined; }, any, { ...; }>'.
  The types of '_options.resolver' are incompatible between these types.
    Type 'Resolver<{ birth_date: string; birth_latitude: number; birth_longitude: number; birth_place_label: string; birth_time_status: "exact" | "unknown" | "approximate"; birth_timezone: string; ... 15 more ...; preferred_sign?: string | ... 1 more ... | undefined; }, any, TFieldValues> | undefined' is not assignable to type 'Resolver<{ birth_date: string; birth_latitude: number; birth_longitude: number; birth_place_label: string; birth_time_status: "exact" | "unknown" | "approximate"; birth_timezone: string; ... 15 more ...; preferred_sign?: string | ... 1 more ... | undefined; }, any, { ...; }> | undefined'.
      Type 'Resolver<{ birth_date: string; birth_latitude: number; birth_longitude: number; birth_place_label: string; birth_time_status: "exact" | "unknown" | "approximate"; birth_timezone: string; favorite_signs: string[]; ... 14 more ...; preferred_sign?: string | ... 1 more ... | undefined; }, any, TFieldValues>' is not assignable to type 'Resolver<{ birth_date: string; birth_latitude: number; birth_longitude: number; birth_place_label: string; birth_time_status: "exact" | "unknown" | "approximate"; birth_timezone: string; favorite_signs: string[]; ... 14 more ...; preferred_sign?: string | ... 1 more ... | undefined; }, any, { ...; }>'.
        Type 'ResolverResult<{ birth_date: string; birth_latitude: number; birth_longitude: number; birth_place_label: string; birth_time_status: "exact" | "unknown" | "approximate"; birth_timezone: string; ... 15 more ...; preferred_sign?: string | ... 1 more ... | undefined; }, TFieldValues> | Promise<...>' is not assignable to type 'ResolverResult<{ birth_date: string; birth_latitude: number; birth_longitude: number; birth_place_label: string; birth_time_status: "exact" | "unknown" | "approximate"; birth_timezone: string; ... 15 more ...; preferred_sign?: string | ... 1 more ... | undefined; }, { ...; }> | Promise<...>'.
          Type 'ResolverSuccess<TFieldValues>' is not assignable to type 'ResolverResult<{ birth_date: string; birth_latitude: number; birth_longitude: number; birth_place_label: string; birth_time_status: "exact" | "unknown" | "approximate"; birth_timezone: string; ... 15 more ...; preferred_sign?: string | ... 1 more ... | undefined; }, { ...; }> | Promise<...>'.
            Type 'ResolverSuccess<TFieldValues>' is not assignable to type 'ResolverSuccess<{ birth_date: string; birth_latitude: number; birth_longitude: number; birth_place_label: string; birth_time_status: "exact" | "unknown" | "approximate"; birth_timezone: string; favorite_signs: string[]; ... 14 more ...; preferred_sign?: string | ... 1 more ... | undefined; }>'.
              Type 'TFieldValues' is not assignable to type '{ birth_date: string; birth_latitude: number; birth_longitude: number; birth_place_label: string; birth_time_status: "exact" | "unknown" | "approximate"; birth_timezone: string; favorite_signs: string[]; ... 14 more ...; preferred_sign?: string | ... 1 more ... | undefined; }'.
                Type 'FieldValues' is missing the following properties from type '{ birth_date: string; birth_latitude: number; birth_longitude: number; birth_place_label: string; birth_time_status: "exact" | "unknown" | "approximate"; birth_timezone: string; favorite_signs: string[]; ... 14 more ...; preferred_sign?: string | ... 1 more ... | undefined; }': birth_date, birth_latitude, birth_longitude, birth_place_label, and 7 more.
src/pages/account/ProfilePage.tsx(479,15): error TS2322: Type 'Control<{ birth_date: string; birth_latitude: number; birth_longitude: number; birth_place_label: string; birth_time_status: "exact" | "unknown" | "approximate"; birth_timezone: string; favorite_signs: string[]; ... 14 more ...; preferred_sign?: string | ... 1 more ... | undefined; }, any, TFieldValues>' is not assignable to type 'Control<{ birth_date: string; birth_latitude: number; birth_longitude: number; birth_place_label: string; birth_time_status: "exact" | "unknown" | "approximate"; birth_timezone: string; favorite_signs: string[]; ... 14 more ...; preferred_sign?: string | ... 1 more ... | undefined; }, any, { ...; }>'.
  The types of '_options.resolver' are incompatible between these types.
    Type 'Resolver<{ birth_date: string; birth_latitude: number; birth_longitude: number; birth_place_label: string; birth_time_status: "exact" | "unknown" | "approximate"; birth_timezone: string; ... 15 more ...; preferred_sign?: string | ... 1 more ... | undefined; }, any, TFieldValues> | undefined' is not assignable to type 'Resolver<{ birth_date: string; birth_latitude: number; birth_longitude: number; birth_place_label: string; birth_time_status: "exact" | "unknown" | "approximate"; birth_timezone: string; ... 15 more ...; preferred_sign?: string | ... 1 more ... | undefined; }, any, { ...; }> | undefined'.
      Type 'Resolver<{ birth_date: string; birth_latitude: number; birth_longitude: number; birth_place_label: string; birth_time_status: "exact" | "unknown" | "approximate"; birth_timezone: string; favorite_signs: string[]; ... 14 more ...; preferred_sign?: string | ... 1 more ... | undefined; }, any, TFieldValues>' is not assignable to type 'Resolver<{ birth_date: string; birth_latitude: number; birth_longitude: number; birth_place_label: string; birth_time_status: "exact" | "unknown" | "approximate"; birth_timezone: string; favorite_signs: string[]; ... 14 more ...; preferred_sign?: string | ... 1 more ... | undefined; }, any, { ...; }>'.
        Type 'ResolverResult<{ birth_date: string; birth_latitude: number; birth_longitude: number; birth_place_label: string; birth_time_status: "exact" | "unknown" | "approximate"; birth_timezone: string; ... 15 more ...; preferred_sign?: string | ... 1 more ... | undefined; }, TFieldValues> | Promise<...>' is not assignable to type 'ResolverResult<{ birth_date: string; birth_latitude: number; birth_longitude: number; birth_place_label: string; birth_time_status: "exact" | "unknown" | "approximate"; birth_timezone: string; ... 15 more ...; preferred_sign?: string | ... 1 more ... | undefined; }, { ...; }> | Promise<...>'.
          Type 'ResolverSuccess<TFieldValues>' is not assignable to type 'ResolverResult<{ birth_date: string; birth_latitude: number; birth_longitude: number; birth_place_label: string; birth_time_status: "exact" | "unknown" | "approximate"; birth_timezone: string; ... 15 more ...; preferred_sign?: string | ... 1 more ... | undefined; }, { ...; }> | Promise<...>'.
            Type 'ResolverSuccess<TFieldValues>' is not assignable to type 'ResolverSuccess<{ birth_date: string; birth_latitude: number; birth_longitude: number; birth_place_label: string; birth_time_status: "exact" | "unknown" | "approximate"; birth_timezone: string; favorite_signs: string[]; ... 14 more ...; preferred_sign?: string | ... 1 more ... | undefined; }>'.
              Type 'TFieldValues' is not assignable to type '{ birth_date: string; birth_latitude: number; birth_longitude: number; birth_place_label: string; birth_time_status: "exact" | "unknown" | "approximate"; birth_timezone: string; favorite_signs: string[]; ... 14 more ...; preferred_sign?: string | ... 1 more ... | undefined; }'.
                Type 'FieldValues' is missing the following properties from type '{ birth_date: string; birth_latitude: number; birth_longitude: number; birth_place_label: string; birth_time_status: "exact" | "unknown" | "approximate"; birth_timezone: string; favorite_signs: string[]; ... 14 more ...; preferred_sign?: string | ... 1 more ... | undefined; }': birth_date, birth_latitude, birth_longitude, birth_place_label, and 7 more.
src/pages/account/ProfilePage.tsx(494,26): error TS2322: Type 'Control<{ birth_date: string; birth_latitude: number; birth_longitude: number; birth_place_label: string; birth_time_status: "exact" | "unknown" | "approximate"; birth_timezone: string; favorite_signs: string[]; ... 14 more ...; preferred_sign?: string | ... 1 more ... | undefined; }, any, TFieldValues>' is not assignable to type 'Control<{ birth_date: string; birth_latitude: number; birth_longitude: number; birth_place_label: string; birth_time_status: "exact" | "unknown" | "approximate"; birth_timezone: string; favorite_signs: string[]; ... 14 more ...; preferred_sign?: string | ... 1 more ... | undefined; }, any, { ...; }>'.
  The types of '_options.resolver' are incompatible between these types.
    Type 'Resolver<{ birth_date: string; birth_latitude: number; birth_longitude: number; birth_place_label: string; birth_time_status: "exact" | "unknown" | "approximate"; birth_timezone: string; ... 15 more ...; preferred_sign?: string | ... 1 more ... | undefined; }, any, TFieldValues> | undefined' is not assignable to type 'Resolver<{ birth_date: string; birth_latitude: number; birth_longitude: number; birth_place_label: string; birth_time_status: "exact" | "unknown" | "approximate"; birth_timezone: string; ... 15 more ...; preferred_sign?: string | ... 1 more ... | undefined; }, any, { ...; }> | undefined'.
      Type 'Resolver<{ birth_date: string; birth_latitude: number; birth_longitude: number; birth_place_label: string; birth_time_status: "exact" | "unknown" | "approximate"; birth_timezone: string; favorite_signs: string[]; ... 14 more ...; preferred_sign?: string | ... 1 more ... | undefined; }, any, TFieldValues>' is not assignable to type 'Resolver<{ birth_date: string; birth_latitude: number; birth_longitude: number; birth_place_label: string; birth_time_status: "exact" | "unknown" | "approximate"; birth_timezone: string; favorite_signs: string[]; ... 14 more ...; preferred_sign?: string | ... 1 more ... | undefined; }, any, { ...; }>'.
        Type 'ResolverResult<{ birth_date: string; birth_latitude: number; birth_longitude: number; birth_place_label: string; birth_time_status: "exact" | "unknown" | "approximate"; birth_timezone: string; ... 15 more ...; preferred_sign?: string | ... 1 more ... | undefined; }, TFieldValues> | Promise<...>' is not assignable to type 'ResolverResult<{ birth_date: string; birth_latitude: number; birth_longitude: number; birth_place_label: string; birth_time_status: "exact" | "unknown" | "approximate"; birth_timezone: string; ... 15 more ...; preferred_sign?: string | ... 1 more ... | undefined; }, { ...; }> | Promise<...>'.
          Type 'ResolverSuccess<TFieldValues>' is not assignable to type 'ResolverResult<{ birth_date: string; birth_latitude: number; birth_longitude: number; birth_place_label: string; birth_time_status: "exact" | "unknown" | "approximate"; birth_timezone: string; ... 15 more ...; preferred_sign?: string | ... 1 more ... | undefined; }, { ...; }> | Promise<...>'.
            Type 'ResolverSuccess<TFieldValues>' is not assignable to type 'ResolverSuccess<{ birth_date: string; birth_latitude: number; birth_longitude: number; birth_place_label: string; birth_time_status: "exact" | "unknown" | "approximate"; birth_timezone: string; favorite_signs: string[]; ... 14 more ...; preferred_sign?: string | ... 1 more ... | undefined; }>'.
              Type 'TFieldValues' is not assignable to type '{ birth_date: string; birth_latitude: number; birth_longitude: number; birth_place_label: string; birth_time_status: "exact" | "unknown" | "approximate"; birth_timezone: string; favorite_signs: string[]; ... 14 more ...; preferred_sign?: string | ... 1 more ... | undefined; }'.
                Type 'FieldValues' is missing the following properties from type '{ birth_date: string; birth_latitude: number; birth_longitude: number; birth_place_label: string; birth_time_status: "exact" | "unknown" | "approximate"; birth_timezone: string; favorite_signs: string[]; ... 14 more ...; preferred_sign?: string | ... 1 more ... | undefined; }': birth_date, birth_latitude, birth_longitude, birth_place_label, and 7 more.
src/pages/account/ProfilePage.tsx(497,26): error TS2322: Type 'Control<{ birth_date: string; birth_latitude: number; birth_longitude: number; birth_place_label: string; birth_time_status: "exact" | "unknown" | "approximate"; birth_timezone: string; favorite_signs: string[]; ... 14 more ...; preferred_sign?: string | ... 1 more ... | undefined; }, any, TFieldValues>' is not assignable to type 'Control<{ birth_date: string; birth_latitude: number; birth_longitude: number; birth_place_label: string; birth_time_status: "exact" | "unknown" | "approximate"; birth_timezone: string; favorite_signs: string[]; ... 14 more ...; preferred_sign?: string | ... 1 more ... | undefined; }, any, { ...; }>'.
  The types of '_options.resolver' are incompatible between these types.
    Type 'Resolver<{ birth_date: string; birth_latitude: number; birth_longitude: number; birth_place_label: string; birth_time_status: "exact" | "unknown" | "approximate"; birth_timezone: string; ... 15 more ...; preferred_sign?: string | ... 1 more ... | undefined; }, any, TFieldValues> | undefined' is not assignable to type 'Resolver<{ birth_date: string; birth_latitude: number; birth_longitude: number; birth_place_label: string; birth_time_status: "exact" | "unknown" | "approximate"; birth_timezone: string; ... 15 more ...; preferred_sign?: string | ... 1 more ... | undefined; }, any, { ...; }> | undefined'.
      Type 'Resolver<{ birth_date: string; birth_latitude: number; birth_longitude: number; birth_place_label: string; birth_time_status: "exact" | "unknown" | "approximate"; birth_timezone: string; favorite_signs: string[]; ... 14 more ...; preferred_sign?: string | ... 1 more ... | undefined; }, any, TFieldValues>' is not assignable to type 'Resolver<{ birth_date: string; birth_latitude: number; birth_longitude: number; birth_place_label: string; birth_time_status: "exact" | "unknown" | "approximate"; birth_timezone: string; favorite_signs: string[]; ... 14 more ...; preferred_sign?: string | ... 1 more ... | undefined; }, any, { ...; }>'.
        Type 'ResolverResult<{ birth_date: string; birth_latitude: number; birth_longitude: number; birth_place_label: string; birth_time_status: "exact" | "unknown" | "approximate"; birth_timezone: string; ... 15 more ...; preferred_sign?: string | ... 1 more ... | undefined; }, TFieldValues> | Promise<...>' is not assignable to type 'ResolverResult<{ birth_date: string; birth_latitude: number; birth_longitude: number; birth_place_label: string; birth_time_status: "exact" | "unknown" | "approximate"; birth_timezone: string; ... 15 more ...; preferred_sign?: string | ... 1 more ... | undefined; }, { ...; }> | Promise<...>'.
          Type 'ResolverSuccess<TFieldValues>' is not assignable to type 'ResolverResult<{ birth_date: string; birth_latitude: number; birth_longitude: number; birth_place_label: string; birth_time_status: "exact" | "unknown" | "approximate"; birth_timezone: string; ... 15 more ...; preferred_sign?: string | ... 1 more ... | undefined; }, { ...; }> | Promise<...>'.
            Type 'ResolverSuccess<TFieldValues>' is not assignable to type 'ResolverSuccess<{ birth_date: string; birth_latitude: number; birth_longitude: number; birth_place_label: string; birth_time_status: "exact" | "unknown" | "approximate"; birth_timezone: string; favorite_signs: string[]; ... 14 more ...; preferred_sign?: string | ... 1 more ... | undefined; }>'.
              Type 'TFieldValues' is not assignable to type '{ birth_date: string; birth_latitude: number; birth_longitude: number; birth_place_label: string; birth_time_status: "exact" | "unknown" | "approximate"; birth_timezone: string; favorite_signs: string[]; ... 14 more ...; preferred_sign?: string | ... 1 more ... | undefined; }'.
                Type 'FieldValues' is missing the following properties from type '{ birth_date: string; birth_latitude: number; birth_longitude: number; birth_place_label: string; birth_time_status: "exact" | "unknown" | "approximate"; birth_timezone: string; favorite_signs: string[]; ... 14 more ...; preferred_sign?: string | ... 1 more ... | undefined; }': birth_date, birth_latitude, birth_longitude, birth_place_label, and 7 more.
src/pages/account/ProfilePage.tsx(500,26): error TS2322: Type 'Control<{ birth_date: string; birth_latitude: number; birth_longitude: number; birth_place_label: string; birth_time_status: "exact" | "unknown" | "approximate"; birth_timezone: string; favorite_signs: string[]; ... 14 more ...; preferred_sign?: string | ... 1 more ... | undefined; }, any, TFieldValues>' is not assignable to type 'Control<{ birth_date: string; birth_latitude: number; birth_longitude: number; birth_place_label: string; birth_time_status: "exact" | "unknown" | "approximate"; birth_timezone: string; favorite_signs: string[]; ... 14 more ...; preferred_sign?: string | ... 1 more ... | undefined; }, any, { ...; }>'.
  The types of '_options.resolver' are incompatible between these types.
    Type 'Resolver<{ birth_date: string; birth_latitude: number; birth_longitude: number; birth_place_label: string; birth_time_status: "exact" | "unknown" | "approximate"; birth_timezone: string; ... 15 more ...; preferred_sign?: string | ... 1 more ... | undefined; }, any, TFieldValues> | undefined' is not assignable to type 'Resolver<{ birth_date: string; birth_latitude: number; birth_longitude: number; birth_place_label: string; birth_time_status: "exact" | "unknown" | "approximate"; birth_timezone: string; ... 15 more ...; preferred_sign?: string | ... 1 more ... | undefined; }, any, { ...; }> | undefined'.
      Type 'Resolver<{ birth_date: string; birth_latitude: number; birth_longitude: number; birth_place_label: string; birth_time_status: "exact" | "unknown" | "approximate"; birth_timezone: string; favorite_signs: string[]; ... 14 more ...; preferred_sign?: string | ... 1 more ... | undefined; }, any, TFieldValues>' is not assignable to type 'Resolver<{ birth_date: string; birth_latitude: number; birth_longitude: number; birth_place_label: string; birth_time_status: "exact" | "unknown" | "approximate"; birth_timezone: string; favorite_signs: string[]; ... 14 more ...; preferred_sign?: string | ... 1 more ... | undefined; }, any, { ...; }>'.
        Type 'ResolverResult<{ birth_date: string; birth_latitude: number; birth_longitude: number; birth_place_label: string; birth_time_status: "exact" | "unknown" | "approximate"; birth_timezone: string; ... 15 more ...; preferred_sign?: string | ... 1 more ... | undefined; }, TFieldValues> | Promise<...>' is not assignable to type 'ResolverResult<{ birth_date: string; birth_latitude: number; birth_longitude: number; birth_place_label: string; birth_time_status: "exact" | "unknown" | "approximate"; birth_timezone: string; ... 15 more ...; preferred_sign?: string | ... 1 more ... | undefined; }, { ...; }> | Promise<...>'.
          Type 'ResolverSuccess<TFieldValues>' is not assignable to type 'ResolverResult<{ birth_date: string; birth_latitude: number; birth_longitude: number; birth_place_label: string; birth_time_status: "exact" | "unknown" | "approximate"; birth_timezone: string; ... 15 more ...; preferred_sign?: string | ... 1 more ... | undefined; }, { ...; }> | Promise<...>'.
            Type 'ResolverSuccess<TFieldValues>' is not assignable to type 'ResolverSuccess<{ birth_date: string; birth_latitude: number; birth_longitude: number; birth_place_label: string; birth_time_status: "exact" | "unknown" | "approximate"; birth_timezone: string; favorite_signs: string[]; ... 14 more ...; preferred_sign?: string | ... 1 more ... | undefined; }>'.
              Type 'TFieldValues' is not assignable to type '{ birth_date: string; birth_latitude: number; birth_longitude: number; birth_place_label: string; birth_time_status: "exact" | "unknown" | "approximate"; birth_timezone: string; favorite_signs: string[]; ... 14 more ...; preferred_sign?: string | ... 1 more ... | undefined; }'.
                Type 'FieldValues' is missing the following properties from type '{ birth_date: string; birth_latitude: number; birth_longitude: number; birth_place_label: string; birth_time_status: "exact" | "unknown" | "approximate"; birth_timezone: string; favorite_signs: string[]; ... 14 more ...; preferred_sign?: string | ... 1 more ... | undefined; }': birth_date, birth_latitude, birth_longitude, birth_place_label, and 7 more.
src/pages/account/ProfilePage.tsx(506,26): error TS2322: Type 'Control<{ birth_date: string; birth_latitude: number; birth_longitude: number; birth_place_label: string; birth_time_status: "exact" | "unknown" | "approximate"; birth_timezone: string; favorite_signs: string[]; ... 14 more ...; preferred_sign?: string | ... 1 more ... | undefined; }, any, TFieldValues>' is not assignable to type 'Control<{ birth_date: string; birth_latitude: number; birth_longitude: number; birth_place_label: string; birth_time_status: "exact" | "unknown" | "approximate"; birth_timezone: string; favorite_signs: string[]; ... 14 more ...; preferred_sign?: string | ... 1 more ... | undefined; }, any, { ...; }>'.
  The types of '_options.resolver' are incompatible between these types.
    Type 'Resolver<{ birth_date: string; birth_latitude: number; birth_longitude: number; birth_place_label: string; birth_time_status: "exact" | "unknown" | "approximate"; birth_timezone: string; ... 15 more ...; preferred_sign?: string | ... 1 more ... | undefined; }, any, TFieldValues> | undefined' is not assignable to type 'Resolver<{ birth_date: string; birth_latitude: number; birth_longitude: number; birth_place_label: string; birth_time_status: "exact" | "unknown" | "approximate"; birth_timezone: string; ... 15 more ...; preferred_sign?: string | ... 1 more ... | undefined; }, any, { ...; }> | undefined'.
      Type 'Resolver<{ birth_date: string; birth_latitude: number; birth_longitude: number; birth_place_label: string; birth_time_status: "exact" | "unknown" | "approximate"; birth_timezone: string; favorite_signs: string[]; ... 14 more ...; preferred_sign?: string | ... 1 more ... | undefined; }, any, TFieldValues>' is not assignable to type 'Resolver<{ birth_date: string; birth_latitude: number; birth_longitude: number; birth_place_label: string; birth_time_status: "exact" | "unknown" | "approximate"; birth_timezone: string; favorite_signs: string[]; ... 14 more ...; preferred_sign?: string | ... 1 more ... | undefined; }, any, { ...; }>'.
        Type 'ResolverResult<{ birth_date: string; birth_latitude: number; birth_longitude: number; birth_place_label: string; birth_time_status: "exact" | "unknown" | "approximate"; birth_timezone: string; ... 15 more ...; preferred_sign?: string | ... 1 more ... | undefined; }, TFieldValues> | Promise<...>' is not assignable to type 'ResolverResult<{ birth_date: string; birth_latitude: number; birth_longitude: number; birth_place_label: string; birth_time_status: "exact" | "unknown" | "approximate"; birth_timezone: string; ... 15 more ...; preferred_sign?: string | ... 1 more ... | undefined; }, { ...; }> | Promise<...>'.
          Type 'ResolverSuccess<TFieldValues>' is not assignable to type 'ResolverResult<{ birth_date: string; birth_latitude: number; birth_longitude: number; birth_place_label: string; birth_time_status: "exact" | "unknown" | "approximate"; birth_timezone: string; ... 15 more ...; preferred_sign?: string | ... 1 more ... | undefined; }, { ...; }> | Promise<...>'.
            Type 'ResolverSuccess<TFieldValues>' is not assignable to type 'ResolverSuccess<{ birth_date: string; birth_latitude: number; birth_longitude: number; birth_place_label: string; birth_time_status: "exact" | "unknown" | "approximate"; birth_timezone: string; favorite_signs: string[]; ... 14 more ...; preferred_sign?: string | ... 1 more ... | undefined; }>'.
              Type 'TFieldValues' is not assignable to type '{ birth_date: string; birth_latitude: number; birth_longitude: number; birth_place_label: string; birth_time_status: "exact" | "unknown" | "approximate"; birth_timezone: string; favorite_signs: string[]; ... 14 more ...; preferred_sign?: string | ... 1 more ... | undefined; }'.
                Type 'FieldValues' is missing the following properties from type '{ birth_date: string; birth_latitude: number; birth_longitude: number; birth_place_label: string; birth_time_status: "exact" | "unknown" | "approximate"; birth_timezone: string; favorite_signs: string[]; ... 14 more ...; preferred_sign?: string | ... 1 more ... | undefined; }': birth_date, birth_latitude, birth_longitude, birth_place_label, and 7 more.
src/pages/account/ProfilePage.tsx(509,26): error TS2322: Type 'Control<{ birth_date: string; birth_latitude: number; birth_longitude: number; birth_place_label: string; birth_time_status: "exact" | "unknown" | "approximate"; birth_timezone: string; favorite_signs: string[]; ... 14 more ...; preferred_sign?: string | ... 1 more ... | undefined; }, any, TFieldValues>' is not assignable to type 'Control<{ birth_date: string; birth_latitude: number; birth_longitude: number; birth_place_label: string; birth_time_status: "exact" | "unknown" | "approximate"; birth_timezone: string; favorite_signs: string[]; ... 14 more ...; preferred_sign?: string | ... 1 more ... | undefined; }, any, { ...; }>'.
  The types of '_options.resolver' are incompatible between these types.
    Type 'Resolver<{ birth_date: string; birth_latitude: number; birth_longitude: number; birth_place_label: string; birth_time_status: "exact" | "unknown" | "approximate"; birth_timezone: string; ... 15 more ...; preferred_sign?: string | ... 1 more ... | undefined; }, any, TFieldValues> | undefined' is not assignable to type 'Resolver<{ birth_date: string; birth_latitude: number; birth_longitude: number; birth_place_label: string; birth_time_status: "exact" | "unknown" | "approximate"; birth_timezone: string; ... 15 more ...; preferred_sign?: string | ... 1 more ... | undefined; }, any, { ...; }> | undefined'.
      Type 'Resolver<{ birth_date: string; birth_latitude: number; birth_longitude: number; birth_place_label: string; birth_time_status: "exact" | "unknown" | "approximate"; birth_timezone: string; favorite_signs: string[]; ... 14 more ...; preferred_sign?: string | ... 1 more ... | undefined; }, any, TFieldValues>' is not assignable to type 'Resolver<{ birth_date: string; birth_latitude: number; birth_longitude: number; birth_place_label: string; birth_time_status: "exact" | "unknown" | "approximate"; birth_timezone: string; favorite_signs: string[]; ... 14 more ...; preferred_sign?: string | ... 1 more ... | undefined; }, any, { ...; }>'.
        Type 'ResolverResult<{ birth_date: string; birth_latitude: number; birth_longitude: number; birth_place_label: string; birth_time_status: "exact" | "unknown" | "approximate"; birth_timezone: string; ... 15 more ...; preferred_sign?: string | ... 1 more ... | undefined; }, TFieldValues> | Promise<...>' is not assignable to type 'ResolverResult<{ birth_date: string; birth_latitude: number; birth_longitude: number; birth_place_label: string; birth_time_status: "exact" | "unknown" | "approximate"; birth_timezone: string; ... 15 more ...; preferred_sign?: string | ... 1 more ... | undefined; }, { ...; }> | Promise<...>'.
          Type 'ResolverSuccess<TFieldValues>' is not assignable to type 'ResolverResult<{ birth_date: string; birth_latitude: number; birth_longitude: number; birth_place_label: string; birth_time_status: "exact" | "unknown" | "approximate"; birth_timezone: string; ... 15 more ...; preferred_sign?: string | ... 1 more ... | undefined; }, { ...; }> | Promise<...>'.
            Type 'ResolverSuccess<TFieldValues>' is not assignable to type 'ResolverSuccess<{ birth_date: string; birth_latitude: number; birth_longitude: number; birth_place_label: string; birth_time_status: "exact" | "unknown" | "approximate"; birth_timezone: string; favorite_signs: string[]; ... 14 more ...; preferred_sign?: string | ... 1 more ... | undefined; }>'.
              Type 'TFieldValues' is not assignable to type '{ birth_date: string; birth_latitude: number; birth_longitude: number; birth_place_label: string; birth_time_status: "exact" | "unknown" | "approximate"; birth_timezone: string; favorite_signs: string[]; ... 14 more ...; preferred_sign?: string | ... 1 more ... | undefined; }'.
                Type 'FieldValues' is missing the following properties from type '{ birth_date: string; birth_latitude: number; birth_longitude: number; birth_place_label: string; birth_time_status: "exact" | "unknown" | "approximate"; birth_timezone: string; favorite_signs: string[]; ... 14 more ...; preferred_sign?: string | ... 1 more ... | undefined; }': birth_date, birth_latitude, birth_longitude, birth_place_label, and 7 more.
src/pages/account/ProfilePage.tsx(512,26): error TS2322: Type 'Control<{ birth_date: string; birth_latitude: number; birth_longitude: number; birth_place_label: string; birth_time_status: "exact" | "unknown" | "approximate"; birth_timezone: string; favorite_signs: string[]; ... 14 more ...; preferred_sign?: string | ... 1 more ... | undefined; }, any, TFieldValues>' is not assignable to type 'Control<{ birth_date: string; birth_latitude: number; birth_longitude: number; birth_place_label: string; birth_time_status: "exact" | "unknown" | "approximate"; birth_timezone: string; favorite_signs: string[]; ... 14 more ...; preferred_sign?: string | ... 1 more ... | undefined; }, any, { ...; }>'.
  The types of '_options.resolver' are incompatible between these types.
    Type 'Resolver<{ birth_date: string; birth_latitude: number; birth_longitude: number; birth_place_label: string; birth_time_status: "exact" | "unknown" | "approximate"; birth_timezone: string; ... 15 more ...; preferred_sign?: string | ... 1 more ... | undefined; }, any, TFieldValues> | undefined' is not assignable to type 'Resolver<{ birth_date: string; birth_latitude: number; birth_longitude: number; birth_place_label: string; birth_time_status: "exact" | "unknown" | "approximate"; birth_timezone: string; ... 15 more ...; preferred_sign?: string | ... 1 more ... | undefined; }, any, { ...; }> | undefined'.
      Type 'Resolver<{ birth_date: string; birth_latitude: number; birth_longitude: number; birth_place_label: string; birth_time_status: "exact" | "unknown" | "approximate"; birth_timezone: string; favorite_signs: string[]; ... 14 more ...; preferred_sign?: string | ... 1 more ... | undefined; }, any, TFieldValues>' is not assignable to type 'Resolver<{ birth_date: string; birth_latitude: number; birth_longitude: number; birth_place_label: string; birth_time_status: "exact" | "unknown" | "approximate"; birth_timezone: string; favorite_signs: string[]; ... 14 more ...; preferred_sign?: string | ... 1 more ... | undefined; }, any, { ...; }>'.
        Type 'ResolverResult<{ birth_date: string; birth_latitude: number; birth_longitude: number; birth_place_label: string; birth_time_status: "exact" | "unknown" | "approximate"; birth_timezone: string; ... 15 more ...; preferred_sign?: string | ... 1 more ... | undefined; }, TFieldValues> | Promise<...>' is not assignable to type 'ResolverResult<{ birth_date: string; birth_latitude: number; birth_longitude: number; birth_place_label: string; birth_time_status: "exact" | "unknown" | "approximate"; birth_timezone: string; ... 15 more ...; preferred_sign?: string | ... 1 more ... | undefined; }, { ...; }> | Promise<...>'.
          Type 'ResolverSuccess<TFieldValues>' is not assignable to type 'ResolverResult<{ birth_date: string; birth_latitude: number; birth_longitude: number; birth_place_label: string; birth_time_status: "exact" | "unknown" | "approximate"; birth_timezone: string; ... 15 more ...; preferred_sign?: string | ... 1 more ... | undefined; }, { ...; }> | Promise<...>'.
            Type 'ResolverSuccess<TFieldValues>' is not assignable to type 'ResolverSuccess<{ birth_date: string; birth_latitude: number; birth_longitude: number; birth_place_label: string; birth_time_status: "exact" | "unknown" | "approximate"; birth_timezone: string; favorite_signs: string[]; ... 14 more ...; preferred_sign?: string | ... 1 more ... | undefined; }>'.
              Type 'TFieldValues' is not assignable to type '{ birth_date: string; birth_latitude: number; birth_longitude: number; birth_place_label: string; birth_time_status: "exact" | "unknown" | "approximate"; birth_timezone: string; favorite_signs: string[]; ... 14 more ...; preferred_sign?: string | ... 1 more ... | undefined; }'.
                Type 'FieldValues' is missing the following properties from type '{ birth_date: string; birth_latitude: number; birth_longitude: number; birth_place_label: string; birth_time_status: "exact" | "unknown" | "approximate"; birth_timezone: string; favorite_signs: string[]; ... 14 more ...; preferred_sign?: string | ... 1 more ... | undefined; }': birth_date, birth_latitude, birth_longitude, birth_place_label, and 7 more.
src/pages/account/ProfilePage.tsx(521,26): error TS2322: Type 'Control<{ birth_date: string; birth_latitude: number; birth_longitude: number; birth_place_label: string; birth_time_status: "exact" | "unknown" | "approximate"; birth_timezone: string; favorite_signs: string[]; ... 14 more ...; preferred_sign?: string | ... 1 more ... | undefined; }, any, TFieldValues>' is not assignable to type 'Control<{ birth_date: string; birth_latitude: number; birth_longitude: number; birth_place_label: string; birth_time_status: "exact" | "unknown" | "approximate"; birth_timezone: string; favorite_signs: string[]; ... 14 more ...; preferred_sign?: string | ... 1 more ... | undefined; }, any, { ...; }>'.
  The types of '_options.resolver' are incompatible between these types.
    Type 'Resolver<{ birth_date: string; birth_latitude: number; birth_longitude: number; birth_place_label: string; birth_time_status: "exact" | "unknown" | "approximate"; birth_timezone: string; ... 15 more ...; preferred_sign?: string | ... 1 more ... | undefined; }, any, TFieldValues> | undefined' is not assignable to type 'Resolver<{ birth_date: string; birth_latitude: number; birth_longitude: number; birth_place_label: string; birth_time_status: "exact" | "unknown" | "approximate"; birth_timezone: string; ... 15 more ...; preferred_sign?: string | ... 1 more ... | undefined; }, any, { ...; }> | undefined'.
      Type 'Resolver<{ birth_date: string; birth_latitude: number; birth_longitude: number; birth_place_label: string; birth_time_status: "exact" | "unknown" | "approximate"; birth_timezone: string; favorite_signs: string[]; ... 14 more ...; preferred_sign?: string | ... 1 more ... | undefined; }, any, TFieldValues>' is not assignable to type 'Resolver<{ birth_date: string; birth_latitude: number; birth_longitude: number; birth_place_label: string; birth_time_status: "exact" | "unknown" | "approximate"; birth_timezone: string; favorite_signs: string[]; ... 14 more ...; preferred_sign?: string | ... 1 more ... | undefined; }, any, { ...; }>'.
        Type 'ResolverResult<{ birth_date: string; birth_latitude: number; birth_longitude: number; birth_place_label: string; birth_time_status: "exact" | "unknown" | "approximate"; birth_timezone: string; ... 15 more ...; preferred_sign?: string | ... 1 more ... | undefined; }, TFieldValues> | Promise<...>' is not assignable to type 'ResolverResult<{ birth_date: string; birth_latitude: number; birth_longitude: number; birth_place_label: string; birth_time_status: "exact" | "unknown" | "approximate"; birth_timezone: string; ... 15 more ...; preferred_sign?: string | ... 1 more ... | undefined; }, { ...; }> | Promise<...>'.
          Type 'ResolverSuccess<TFieldValues>' is not assignable to type 'ResolverResult<{ birth_date: string; birth_latitude: number; birth_longitude: number; birth_place_label: string; birth_time_status: "exact" | "unknown" | "approximate"; birth_timezone: string; ... 15 more ...; preferred_sign?: string | ... 1 more ... | undefined; }, { ...; }> | Promise<...>'.
            Type 'ResolverSuccess<TFieldValues>' is not assignable to type 'ResolverSuccess<{ birth_date: string; birth_latitude: number; birth_longitude: number; birth_place_label: string; birth_time_status: "exact" | "unknown" | "approximate"; birth_timezone: string; favorite_signs: string[]; ... 14 more ...; preferred_sign?: string | ... 1 more ... | undefined; }>'.
              Type 'TFieldValues' is not assignable to type '{ birth_date: string; birth_latitude: number; birth_longitude: number; birth_place_label: string; birth_time_status: "exact" | "unknown" | "approximate"; birth_timezone: string; favorite_signs: string[]; ... 14 more ...; preferred_sign?: string | ... 1 more ... | undefined; }'.
                Type 'FieldValues' is missing the following properties from type '{ birth_date: string; birth_latitude: number; birth_longitude: number; birth_place_label: string; birth_time_status: "exact" | "unknown" | "approximate"; birth_timezone: string; favorite_signs: string[]; ... 14 more ...; preferred_sign?: string | ... 1 more ... | undefined; }': birth_date, birth_latitude, birth_longitude, birth_place_label, and 7 more.
src/pages/account/ResetPasswordPage.tsx(132,60): error TS2322: Type '{ mode: string; }' is not assignable to type '{ redirect: string | undefined; mode: string; } | ParamsReducerFn<RouterCore<Route<Register, any, "/", "/", string, "__root__", undefined, {}, { queryClient: QueryClient; }, AnyContext, ... 7 more ..., undefined>, "never", false, RouterHistory, Record<...>>, "SEARCH", string, "/auth">'.
  Property 'redirect' is missing in type '{ mode: string; }' but required in type '{ redirect: string | undefined; mode: string; }'.
src/pages/account/ResetPasswordPage.tsx(220,14): error TS2304: Cannot find name 'EyeOff'.
src/pages/account/ResetPasswordPage.tsx(222,14): error TS2304: Cannot find name 'Eye'.
src/pages/account/SavedLunarReadingDetailPage.tsx(26,22): error TS18046: 'reading' is of type 'unknown'.
src/pages/account/SavedLunarReadingDetailPage.tsx(28,33): error TS18046: 'reading' is of type 'unknown'.
src/pages/account/SavedLunarReadingDetailPage.tsx(28,63): error TS18046: 'reading' is of type 'unknown'.
src/pages/account/SavedLunarReadingDetailPage.tsx(29,34): error TS18046: 'reading' is of type 'unknown'.
src/pages/account/SavedLunarReadingDetailPage.tsx(29,62): error TS18046: 'reading' is of type 'unknown'.
src/pages/account/SavedLunarReadingDetailPage.tsx(30,37): error TS18046: 'reading' is of type 'unknown'.
src/pages/account/SavedLunarReadingDetailPage.tsx(30,61): error TS18046: 'reading' is of type 'unknown'.
src/pages/account/SavedLunarReadingDetailPage.tsx(35,24): error TS18046: 'reading' is of type 'unknown'.
src/pages/account/SavedLunarReadingDetailPage.tsx(36,20): error TS18046: 'reading' is of type 'unknown'.
src/pages/account/SavedLunarReadingDetailPage.tsx(39,58): error TS7006: Parameter 'p' implicitly has an 'any' type.
src/pages/account/SavedLunarReadingDetailPage.tsx(50,17): error TS2322: Type '"arrowLeft"' is not assignable to type '"warning" | "search" | "home" | "tarot" | "compatibility" | "moon" | "account" | "history" | "settings" | "user" | "notification" | "close" | "eye" | "eyeOff" | "sun" | "menu" | ... 34 more ... | "moon_waning_crescent"'.
src/pages/account/SavedLunarReadingDetailPage.tsx(83,10): error TS18046: 'reading' is of type 'unknown'.
src/pages/account/SavedLunarReadingDetailPage.tsx(87,108): error TS18046: 'reading' is of type 'unknown'.
src/pages/account/SavedLunarReadingsPage.tsx(111,34): error TS2339: Property 'source_date' does not exist on type 'SelectQueryError<"column 'id' does not exist on 'admin_audit_log'."> | SelectQueryError<"column 'id' does not exist on 'ai_conversations'."> | ... 22 more ... | SelectQueryError<...>'.
  Property 'source_date' does not exist on type 'SelectQueryError<"column 'id' does not exist on 'admin_audit_log'.">'.
src/pages/account/SavedLunarReadingsPage.tsx(113,45): error TS2339: Property 'current_moon_sign' does not exist on type 'SelectQueryError<"column 'id' does not exist on 'admin_audit_log'."> | SelectQueryError<"column 'id' does not exist on 'ai_conversations'."> | ... 22 more ... | SelectQueryError<...>'.
  Property 'current_moon_sign' does not exist on type 'SelectQueryError<"column 'id' does not exist on 'admin_audit_log'.">'.
src/pages/account/SavedLunarReadingsPage.tsx(113,69): error TS2339: Property 'current_moon_sign' does not exist on type 'SelectQueryError<"column 'id' does not exist on 'admin_audit_log'."> | SelectQueryError<"column 'id' does not exist on 'ai_conversations'."> | ... 22 more ... | SelectQueryError<...>'.
  Property 'current_moon_sign' does not exist on type 'SelectQueryError<"column 'id' does not exist on 'admin_audit_log'.">'.
src/pages/account/SavedLunarReadingsPage.tsx(114,46): error TS2339: Property 'natal_moon_sign' does not exist on type 'SelectQueryError<"column 'id' does not exist on 'admin_audit_log'."> | SelectQueryError<"column 'id' does not exist on 'ai_conversations'."> | ... 22 more ... | SelectQueryError<...>'.
  Property 'natal_moon_sign' does not exist on type 'SelectQueryError<"column 'id' does not exist on 'admin_audit_log'.">'.
src/pages/account/SavedLunarReadingsPage.tsx(114,68): error TS2339: Property 'natal_moon_sign' does not exist on type 'SelectQueryError<"column 'id' does not exist on 'admin_audit_log'."> | SelectQueryError<"column 'id' does not exist on 'ai_conversations'."> | ... 22 more ... | SelectQueryError<...>'.
  Property 'natal_moon_sign' does not exist on type 'SelectQueryError<"column 'id' does not exist on 'admin_audit_log'.">'.
src/pages/account/SavedLunarReadingsPage.tsx(118,24): error TS2339: Property 'id' does not exist on type 'SelectQueryError<"column 'id' does not exist on 'admin_audit_log'."> | SelectQueryError<"column 'id' does not exist on 'ai_conversations'."> | ... 22 more ... | SelectQueryError<...>'.
  Property 'id' does not exist on type 'SelectQueryError<"column 'id' does not exist on 'admin_audit_log'.">'.
src/pages/account/SavedLunarReadingsPage.tsx(132,27): error TS2322: Type '`/mi-espacio/lecturas-lunares/${any}`' is not assignable to type '"/" | "/horoscopo" | "/horoscopo/hoy" | "/horoscopo/semana" | "/horoscopo/mes" | "/tarot" | "/tarot/carta-del-dia" | "/tarot/si-o-no" | "/tarot/tres-cartas" | "/tarot/tres-cartas/amor" | ... 64 more ... | ".."'.
src/pages/account/SavedLunarReadingsPage.tsx(132,65): error TS2339: Property 'id' does not exist on type 'SelectQueryError<"column 'id' does not exist on 'admin_audit_log'."> | SelectQueryError<"column 'id' does not exist on 'ai_conversations'."> | ... 22 more ... | SelectQueryError<...>'.
  Property 'id' does not exist on type 'SelectQueryError<"column 'id' does not exist on 'admin_audit_log'.">'.
src/pages/account/SavedLunarReadingsPage.tsx(137,45): error TS2339: Property 'id' does not exist on type 'SelectQueryError<"column 'id' does not exist on 'admin_audit_log'."> | SelectQueryError<"column 'id' does not exist on 'ai_conversations'."> | ... 22 more ... | SelectQueryError<...>'.
  Property 'id' does not exist on type 'SelectQueryError<"column 'id' does not exist on 'admin_audit_log'.">'.
src/repositories/supabase-tarot.repository.test.ts(1,38): error TS2307: Cannot find module 'vitest' or its corresponding type declarations.
src/routes/_authenticated/route.tsx(16,9): error TS2322: Type '{ redirect: string; }' is not assignable to type '{ redirect: string | undefined; mode: string; } | ParamsReducerFn<RouterCore<Route<Register, any, "/", "/", string, "__root__", undefined, {}, { queryClient: QueryClient; }, AnyContext, ... 7 more ..., undefined>, "never", false, RouterHistory, Record<...>>, "SEARCH", string, "/auth">'.
  Property 'mode' is missing in type '{ redirect: string; }' but required in type '{ redirect: string | undefined; mode: string; }'.
src/routes/api/tarot/interpret-reading.test.ts(1,38): error TS2307: Cannot find module 'vitest' or its corresponding type declarations.
src/routes/api/tarot/interpret-reading.ts(404,37): error TS2345: Argument of type 'string' is not assignable to parameter of type '"relationship_dynamic" | "emotional_world" | "guidance_forward" | "past" | "present" | "future" | "situation" | "challenge_opportunity" | "recommended_action" | "decision_driver" | "consideration" | "choice_criteria"'.
src/routes/api/tarot/interpret-reading.ts(439,13): error TS2353: Object literal may only specify known properties, and 'identityKey' does not exist in type '{ userId: string | null; anonymousHash: string | null; }'.
src/server/generation/fallback-generator.test.ts(1,38): error TS2307: Cannot find module 'vitest' or its corresponding type declarations.
src/server/generation/fallback-generator.test.ts(38,6): error TS7006: Parameter 'section' implicitly has an 'any' type.
src/server/generation/fallback-generator.test.ts(39,21): error TS7053: Element implicitly has an 'any' type because expression of type 'any' can't be used to index type '{ love: string; work: string; wellbeing: string; reflection: string; }'.
src/server/generation/generation-policy.ts(22,14): error TS2322: Type 'Readonly<{ title: { min: number; max: number; }; summary: { min: number; max: number; }; section: { min: number; max: number; }; closingMessage: { min: number; max: number; }; allowedSections: string[]; tone: string[]; forbiddenClaimCategories: string[]; forbiddenPatterns: readonly string[]; noInventedFacts: true; n...' is not assignable to type 'Readonly<GenerationConstraints>'.
  Types of property 'allowedSections' are incompatible.
    Type 'string[]' is not assignable to type 'readonly GenerationSectionKey[]'.
      Type 'string' is not assignable to type 'GenerationSectionKey'.
src/server/generation/horoscope-generator.test.ts(1,38): error TS2307: Cannot find module 'vitest' or its corresponding type declarations.
src/server/generation/horoscope-generator.test.ts(32,37): error TS7006: Parameter '_name' implicitly has an 'any' type.
src/server/generation/horoscope-generator.test.ts(32,44): error TS7006: Parameter 'raw' implicitly has an 'any' type.
src/server/generation/horoscope-generator.test.ts(32,49): error TS7006: Parameter 'expected' implicitly has an 'any' type.
src/server/generation/prompt-builder.test.ts(1,38): error TS2307: Cannot find module 'vitest' or its corresponding type declarations.
src/server/generation/prompt-builder.test.ts(41,85): error TS7006: Parameter 'period' implicitly has an 'any' type.
src/server/generation/strict-json-parser.test.ts(1,38): error TS2307: Cannot find module 'vitest' or its corresponding type declarations.
src/server/generation/strict-json-parser.test.ts(18,21): error TS7006: Parameter '_name' implicitly has an 'any' type.
src/server/generation/strict-json-parser.test.ts(18,28): error TS7006: Parameter 'raw' implicitly has an 'any' type.
src/server/generation/strict-json-parser.test.ts(41,56): error TS7006: Parameter 'field' implicitly has an 'any' type.
src/server/generation/strict-json-parser.test.ts(49,6): error TS7006: Parameter 'field' implicitly has an 'any' type.
src/server/generation/strict-json-parser.test.ts(115,42): error TS7006: Parameter 'text' implicitly has an 'any' type.
src/server/moon/moon-ai-generator.ts(2,15): error TS2724: '"@/data/zodiac-signs"' has no exported member named 'ZodiacSignKey'. Did you mean 'ZodiacSign'?
src/server/moon/moon-editorial-library.ts(1,15): error TS2724: '"@/data/zodiac-signs"' has no exported member named 'ZodiacSignKey'. Did you mean 'ZodiacSign'?
src/server/natal/natal-moon-calculator.ts(2,15): error TS2724: '"@/data/zodiac-signs"' has no exported member named 'ZodiacSignKey'. Did you mean 'ZodiacSign'?
src/server/natal/natal-moon-calculator.ts(21,20): error TS2339: Property 'longitude' does not exist on type 'PlanetaryPosition'.
src/server/persistence/persistence.test.ts(1,38): error TS2307: Cannot find module 'vitest' or its corresponding type declarations.
src/server/persistence/persistence.test.ts(145,30): error TS2345: Argument of type '{ signContext: { sign: "taurus"; id: string; kind: "sign_context"; period: EditorialPeriod; windowStart: string; windowEnd: string; editorialTimezone: string; ... 5 more ...; invariants: { noGeneratedText: true; noNatalChartData: true; deterministicOrdering: true; policyApplied: true; }; }; ... 11 more ...; errorCod...' is not assignable to parameter of type 'PersistExecutionInput'.
  The types of 'signContext.sign' are incompatible between these types.
    Type '"taurus"' is not assignable to type 'ZodiacSignKey'.
src/server/persistence/persistence.test.ts(172,12): error TS7006: Parameter 'status' implicitly has an 'any' type.
src/server/rules/rule-engine.test.ts(1,38): error TS2307: Cannot find module 'vitest' or its corresponding type declarations.
src/server/rules/rule-engine.test.ts(167,79): error TS7006: Parameter 'target' implicitly has an 'any' type.
src/server/rules/rule-engine.test.ts(176,6): error TS7006: Parameter 'phase' implicitly has an 'any' type.
src/server/rules/sign-context-builder.test.ts(1,38): error TS2307: Cannot find module 'vitest' or its corresponding type declarations.
src/server/tarot/interpret.test.ts(2,38): error TS2307: Cannot find module 'vitest' or its corresponding type declarations.
src/server/transits/time-window-event-resolver.test.ts(109,41): error TS2740: Type '{ moon: number; }' is missing the following properties from type 'Record<"moon" | "sun" | "mercury" | "venus" | "mars" | "jupiter" | "saturn" | "uranus" | "neptune" | "pluto", number>': sun, mercury, venus, mars, and 5 more.
src/server/transits/time-window-event-resolver.test.ts(317,49): error TS2307: Cannot find module 'vitest' or its corresponding type declarations.
src/server/transits/time-window-event-resolver.ts(427,19): error TS2345: Argument of type '{ id: string; body: "moon" | "sun" | "mercury" | "venus" | "mars" | "jupiter" | "saturn" | "uranus" | "neptune" | "pluto"; fromSign: ZodiacSignKey; toSign: ZodiacSignKey; ... 5 more ...; resolverVersion: string; }' is not assignable to parameter of type 'SignIngressEvent'.
  Types of property 'type' are incompatible.
    Type 'TimeWindowEventType' is not assignable to type '"sign_ingress"'.
      Type '"lunar_phase"' is not assignable to type '"sign_ingress"'.
src/server/transits/time-window-event-resolver.ts(556,19): error TS2345: Argument of type '{ id: string; phase: LunarPhase; sunMoonAngle: number; type: TimeWindowEventType; occurredAt: string; windowStart: string; windowEnd: string; resolverVersion: string; }' is not assignable to parameter of type 'LunarPhaseEvent'.
  Types of property 'type' are incompatible.
    Type 'TimeWindowEventType' is not assignable to type '"lunar_phase"'.
      Type '"sign_ingress"' is not assignable to type '"lunar_phase"'.
src/server/transits/time-window-event-resolver.ts(683,23): error TS2345: Argument of type '{ id: string; bodyA: "moon" | "sun" | "mercury" | "venus" | "mars" | "jupiter" | "saturn" | "uranus" | "neptune" | "pluto"; bodyB: "moon" | "sun" | "mercury" | "venus" | "mars" | "jupiter" | "saturn" | "uranus" | "neptune" | "pluto"; ... 10 more ...; resolverVersion: string; }' is not assignable to parameter of type 'ExactAspectEvent'.
  Types of property 'type' are incompatible.
    Type 'TimeWindowEventType' is not assignable to type '"exact_aspect"'.
      Type '"lunar_phase"' is not assignable to type '"exact_aspect"'.
src/server/validation/editorial-validator.test.ts(1,38): error TS2307: Cannot find module 'vitest' or its corresponding type declarations.
src/server/validation/editorial-validator.test.ts(367,52): error TS7006: Parameter 'phrase' implicitly has an 'any' type.
src/services/tarot.service.test.ts(1,38): error TS2307: Cannot find module 'vitest' or its corresponding type declarations.
src/types/horoscope-automation.ts(287,18): error TS2430: Interface 'HoroscopeEntryWithVariant' incorrectly extends interface 'HoroscopeEntry'.
  Types of property 'generationMetadata' are incompatible.
    Type 'GenerationMetadata | undefined' is not assignable to type 'Record<string, unknown> | undefined'.
      Type 'GenerationMetadata' is not assignable to type 'Record<string, unknown>'.
        Index signature for type 'string' is missing in type 'GenerationMetadata'.
